Archive member included to satisfy reference by file (symbol)

C:/Users/ana_c/Desktop/bg/nflib/lib\libnflib.a(nf_2d.o)
                              intro.o (NF_Set2D)
C:/Users/ana_c/Desktop/bg/nflib/lib\libnflib.a(nf_basic.o)
                              C:/Users/ana_c/Desktop/bg/nflib/lib\libnflib.a(nf_2d.o) (NF_Error)
C:/Users/ana_c/Desktop/bg/nflib/lib\libnflib.a(nf_sound.o)
                              mini.o (NF_InitRawSoundBuffers)
C:/Users/ana_c/Desktop/bg/nflib/lib\libnflib.a(nf_sprite256.o)
                              mini.o (NF_InitSpriteBuffers)
C:/Users/ana_c/Desktop/bg/nflib/lib\libnflib.a(nf_text.o)
                              mini.o (NF_InitTextSys)
C:/Users/ana_c/Desktop/bg/nflib/lib\libnflib.a(nf_tiledbg.o)
                              intro.o (NF_InitTiledBgBuffers)
C:/devkitPro/libnds/lib\libfilesystem.a(nitrofs.o)
                              C:/Users/ana_c/Desktop/bg/nflib/lib\libnflib.a(nf_basic.o) (nitroFSInit)
C:/devkitPro/libnds/lib\libfat.a(libfat.o)
                              C:/Users/ana_c/Desktop/bg/nflib/lib\libnflib.a(nf_basic.o) (fatInitDefault)
C:/devkitPro/libnds/lib\libfat.a(disc.o)
                              C:/devkitPro/libnds/lib\libfat.a(libfat.o) (_FAT_disc_interfaces)
C:/devkitPro/libnds/lib\libfat.a(fatfile.o)
                              C:/devkitPro/libnds/lib\libfat.a(libfat.o) (_FAT_open_r)
C:/devkitPro/libnds/lib\libfat.a(cache.o)
                              C:/devkitPro/libnds/lib\libfat.a(fatfile.o) (_FAT_cache_readSectors)
C:/devkitPro/libnds/lib\libfat.a(fatdir.o)
                              C:/devkitPro/libnds/lib\libfat.a(libfat.o) (_FAT_stat_r)
C:/devkitPro/libnds/lib\libfat.a(directory.o)
                              C:/devkitPro/libnds/lib\libfat.a(fatfile.o) (_FAT_directory_entryGetCluster)
C:/devkitPro/libnds/lib\libfat.a(partition.o)
                              C:/devkitPro/libnds/lib\libfat.a(libfat.o) (_FAT_partition_destructor)
C:/devkitPro/libnds/lib\libfat.a(lock.o)
                              C:/devkitPro/libnds/lib\libfat.a(partition.o) (_FAT_lock_init)
C:/devkitPro/libnds/lib\libfat.a(filetime.o)
                              C:/devkitPro/libnds/lib\libfat.a(fatfile.o) (_FAT_filetime_getTimeFromRTC)
C:/devkitPro/libnds/lib\libfat.a(file_allocation_table.o)
                              C:/devkitPro/libnds/lib\libfat.a(fatfile.o) (_FAT_fat_nextCluster)
C:/devkitPro/libnds/lib\libnds9.a(video.o)
                              C:/Users/ana_c/Desktop/bg/nflib/lib\libnflib.a(nf_basic.o) (setBrightness)
C:/devkitPro/libnds/lib\libnds9.a(console.o)
                              intro.o (consoleDemoInit)
C:/devkitPro/libnds/lib\libnds9.a(sprite.o)
                              C:/Users/ana_c/Desktop/bg/nflib/lib\libnflib.a(nf_sprite256.o) (oamInit)
C:/devkitPro/libnds/lib\libnds9.a(sound.o)
                              C:/Users/ana_c/Desktop/bg/nflib/lib\libnflib.a(nf_sound.o) (soundPlaySample)
C:/devkitPro/libnds/lib\libnds9.a(keys.o)
                              intro.o (scanKeys)
C:/devkitPro/libnds/lib\libnds9.a(dldi.o)
                              C:/devkitPro/libnds/lib\libfat.a(disc.o) (dldiGetInternal)
C:/devkitPro/libnds/lib\libnds9.a(initSystem.o)
                              c:/devkitpro/devkitarm/bin/../lib/gcc/arm-none-eabi/11.1.0/../../../../arm-none-eabi/lib/thumb/ds_arm9_crt0.o (initSystem)
C:/devkitPro/libnds/lib\libnds9.a(timeSupport.o)
                              C:/devkitPro/libnds/lib\libnds9.a(initSystem.o) (__libnds_gtod)
C:/devkitPro/libnds/lib\libnds9.a(securearea.o)
                              c:/devkitpro/devkitarm/bin/../lib/gcc/arm-none-eabi/11.1.0/../../../../arm-none-eabi/lib/thumb/ds_arm9_crt0.o (__secure_area__)
C:/devkitPro/libnds/lib\libnds9.a(interrupts.o)
                              C:/devkitPro/libnds/lib\libnds9.a(initSystem.o) (irqInit)
C:/devkitPro/libnds/lib\libnds9.a(libnds_exit.arm.o)
                              c:/devkitpro/devkitarm/bin/../lib/gcc/arm-none-eabi/11.1.0/../../../../arm-none-eabi/lib/thumb/ds_arm9_crt0.o (__libnds_exit)
C:/devkitPro/libnds/lib\libnds9.a(card.o)
                              C:/devkitPro/libnds/lib\libfilesystem.a(nitrofs.o) (cardParamCommand)
C:/devkitPro/libnds/lib\libnds9.a(fifosystem.o)
                              C:/devkitPro/libnds/lib\libnds9.a(initSystem.o) (fifoSetValue32Handler)
C:/devkitPro/libnds/lib\libnds9.a(dcache.o)
                              C:/Users/ana_c/Desktop/bg/nflib/lib\libnflib.a(nf_basic.o) (DC_FlushRange)
C:/devkitPro/libnds/lib\libnds9.a(dldi_stub.o)
                              C:/devkitPro/libnds/lib\libnds9.a(dldi.o) (_io_dldi_stub)
C:/devkitPro/libnds/lib\libnds9.a(mpu_setup.o)
                              c:/devkitpro/devkitarm/bin/../lib/gcc/arm-none-eabi/11.1.0/../../../../arm-none-eabi/lib/thumb/ds_arm9_crt0.o (__libnds_mpu_setup)
C:/devkitPro/libnds/lib\libnds9.a(IntrWait.o)
[...]
Memory Configuration

Name             Origin             Length             Attributes
ewram            0x0000000002000000 0x0000000000380000
dtcm             0x0000000002ff0000 0x0000000000004000
vectors          0x0000000001000000 0x0000000000000100
itcm             0x0000000001000100 0x0000000000007f00
*default*        0x0000000000000000 0xffffffffffffffff

Linker script and memory map

                0x0000000002380000                __ewram_end = (ORIGIN (ewram) + LENGTH (ewram))
                0x0000000002380000                __eheap_end = (ORIGIN (ewram) + LENGTH (ewram))
                0x0000000002ff4000                __dtcm_top = (ORIGIN (dtcm) + LENGTH (dtcm))
                0x0000000002ff3ff8                __irq_flags = (__dtcm_top - 0x8)
                0x0000000002ff3ffc                __irq_vector = (__dtcm_top - 0x4)
                0x0000000002ff3f00                __sp_svc = (__dtcm_top - 0x100)
                0x0000000002ff3e00                __sp_irq = (__sp_svc - 0x100)
                0x0000000002ff3d00                __sp_usr = (__sp_irq - 0x100)

.secure         0x0000000002000000      0x800
 *(.secure)
 .secure        0x0000000002000000      0x800 C:/devkitPro/libnds/lib\libnds9.a(securearea.o)
                0x0000000002000000                __secure_area__

.crt0           0x0000000002000800      0x300
                0x0000000002000800                __text_start = .
 *(.crt0)
 .crt0          0x0000000002000800      0x300 c:/devkitpro/devkitarm/bin/../lib/gcc/arm-none-eabi/11.1.0/../../../../arm-none-eabi/lib/thumb/ds_arm9_crt0.o
                0x0000000002000800                _start
                0x0000000002000b00                . = ALIGN (0x4)

.plt
 *(.plt)

.init           0x0000000002000b00        0xc
 *(SORT_NONE(.init))
 .init          0x0000000002000b00        0x4 c:/devkitpro/devkitarm/bin/../lib/gcc/arm-none-eabi/11.1.0/thumb/crti.o
                0x0000000002000b00                _init
 .init          0x0000000002000b04        0x8 c:/devkitpro/devkitarm/bin/../lib/gcc/arm-none-eabi/11.1.0/thumb/crtn.o

.text           0x0000000002000b40    0x21408
 *(EXCLUDE_FILE(*.twl* *.vectors* *.itcm*) .text)
 .text          0x0000000002000b40      0x108 intro.o
                0x0000000002000b40                intro
 .text          0x0000000002000c48      0x62c mini.o
                0x0000000002000c48                mini
 .text          0x0000000002001274      0x874 C:/Users/ana_c/Desktop/bg/nflib/lib\libnflib.a(nf_2d.o)
                0x0000000002001274                NF_Set2D
                0x00000000020012dc                NF_ShowBg
                0x0000000002001358                NF_HideBg
                0x00000000020013fc                NF_ScrollBg
                0x000000000200174c                NF_MoveSprite
                0x000000000200176c                NF_SpriteLayer
                0x0000000002001788                NF_ShowSprite
                0x00000000020017a8                NF_HflipSprite
                0x00000000020017c4                NF_GetSpriteHflip
                0x00000000020017e0                NF_VflipSprite
                0x00000000020017fc                NF_GetSpriteVflip
                0x0000000002001818                NF_SpriteFrame
                0x00000000020018e8                NF_EnableSpriteRotScale
                0x000000000200197c                NF_DisableSpriteRotScale
                0x00000000020019f0                NF_SpriteRotScale
 .text          0x0000000002001ae8      0x4a0 C:/Users/ana_c/Desktop/bg/nflib/lib\libnflib.a(nf_basic.o)
                0x0000000002001ae8                NF_Error
                0x0000000002001d94                NF_SetRootFolder
                0x0000000002001eec                NF_DmaMemCopy
                0x0000000002001f78                NF_GetLanguage
 .text          0x0000000002001f88      0x294 C:/Users/ana_c/Desktop/bg/nflib/lib\libnflib.a(nf_sound.o)
                0x0000000002001f88                NF_InitRawSoundBuffers
                0x0000000002001fb4                NF_ResetRawSoundBuffers
                0x0000000002001fec                NF_LoadRawSound
                0x000000000200212c                NF_UnloadRawSound
                0x000000000200219c                NF_PlayRawSound
 .text          0x000000000200221c     0x13b4 C:/Users/ana_c/Desktop/bg/nflib/lib\libnflib.a(nf_sprite256.o)
                0x000000000200221c                NF_InitSpriteBuffers
                0x0000000002002268                NF_ResetSpriteBuffers
                0x000000000200229c                NF_InitSpriteSys
                0x00000000020024ac                NF_LoadSpriteGfx
                0x00000000020025bc                NF_UnloadSpriteGfx
                0x000000000200262c                NF_LoadSpritePal
                0x0000000002002728                NF_UnloadSpritePal
                0x0000000002002778                NF_VramSpriteGfx
                0x0000000002002ad0                NF_VramSpriteGfxDefrag
                0x0000000002002cd4                NF_FreeSpriteGfx
                0x0000000002002dd4                NF_VramSpritePal
                0x0000000002002ea8                NF_CreateSprite
                0x0000000002003248                NF_DeleteSprite
                0x00000000020032e8                NF_SpriteOamSet
                0x00000000020033c0                NF_SpriteSetPalColor
                0x0000000002003458                NF_SpriteEditPalColor
                0x00000000020034d4                NF_SpriteUpdatePalette
                0x0000000002003564                NF_SpriteGetPalColor
 .text          0x00000000020035d0      0x844 C:/Users/ana_c/Desktop/bg/nflib/lib\libnflib.a(nf_text.o)
                0x00000000020035d0                NF_InitTextSys
                0x0000000002003604                NF_LoadTextFont
                0x0000000002003858                NF_UnloadTextFont
                0x0000000002003860                NF_CreateTextLayer
                0x00000000020038f4                NF_DeleteTextLayer
                0x000000000200394c                NF_WriteText
                0x0000000002003ca4                NF_UpdateTextLayers
                0x0000000002003cec                NF_ClearTextLayer
                0x0000000002003d54                NF_DefineTextColor
                0x0000000002003df8                NF_SetTextColor
 .text          0x0000000002003e14     0x19fc C:/Users/ana_c/Desktop/bg/nflib/lib\libnflib.a(nf_tiledbg.o)
                0x0000000002003e14                NF_InitTiledBgBuffers
                0x0000000002003eb0                NF_ResetTiledBgBuffers
                0x0000000002003f14                NF_InitTiledBgSys
                0x0000000002004044                NF_LoadTiledBg
                0x00000000020042c4                NF_LoadTilesForBg
                0x0000000002004540                NF_UnloadTiledBg
                0x00000000020045f8                NF_DeleteTiledBg
                0x00000000020047a0                NF_CreateTiledBg
                0x0000000002004dc8                NF_GetTileMapAddress
                0x0000000002004e84                NF_GetTileOfMap
                0x0000000002004ebc                NF_SetTileOfMap
                0x0000000002004f00                NF_UpdateVramMap
                0x0000000002005020                NF_BgSetPalColor
                0x00000000020050d0                NF_BgEditPalColor
                0x0000000002005174                NF_BgUpdatePalette
                0x0000000002005234                NF_BgGetPalColor
                0x00000000020052cc                NF_GetTilePal
                0x0000000002005300                NF_SetTilePal
                0x0000000002005348                NF_LoadExBgPal
                0x0000000002005434                NF_UnloadExBgPal
                0x0000000002005484                NF_VramExBgPal
                0x0000000002005538                NF_SetExBgPal
                0x00000000020055f8                NF_SetTileHflip
                0x0000000002005634                NF_SetTileVflip
                0x0000000002005670                NF_RotateTileGfx
 *fill*         0x0000000002005810       0x30 ff
 .text          0x0000000002005840     0x4000 C:/devkitPro/libnds/lib\libnds9.a(dldi_stub.o)
                0x0000000002005840                _io_dldi_stub
 .text          0x0000000002009840      0x11c c:/devkitpro/devkitarm/bin/../lib/gcc/arm-none-eabi/11.1.0/thumb\libgcc.a(_udivsi3.o)
                0x0000000002009840                __aeabi_uidiv
                0x0000000002009840                __udivsi3
                0x000000000200993c                __aeabi_uidivmod
 .text          0x000000000200995c      0x150 c:/devkitpro/devkitarm/bin/../lib/gcc/arm-none-eabi/11.1.0/thumb\libgcc.a(_divsi3.o)
                0x000000000200995c                __divsi3
                0x000000000200995c                __aeabi_idiv
                0x0000000002009a8c                __aeabi_idivmod
 .text          0x0000000002009aac        0x4 c:/devkitpro/devkitarm/bin/../lib/gcc/arm-none-eabi/11.1.0/thumb\libgcc.a(_dvmd_tls.o)
                0x0000000002009aac                __aeabi_idiv0
                0x0000000002009aac                __aeabi_ldiv0
 .text          0x0000000002009ab0      0x424 c:/devkitpro/devkitarm/bin/../lib/gcc/arm-none-eabi/11.1.0/thumb\libgcc.a(_arm_addsubdf3.o)
                0x0000000002009ab0                __aeabi_drsub
                0x0000000002009ab8                __aeabi_dsub
                0x0000000002009ab8                __subdf3
                0x0000000002009abc                __aeabi_dadd
                0x0000000002009abc                __adddf3
                0x0000000002009dcc                __floatunsidf
                0x0000000002009dcc                __aeabi_ui2d
                0x0000000002009df0                __floatsidf
                0x0000000002009df0                __aeabi_i2d
                0x0000000002009e18                __aeabi_f2d
                0x0000000002009e18                __extendsfdf2
                0x0000000002009e60                __floatundidf
                0x0000000002009e60                __aeabi_ul2d
                0x0000000002009e74                __floatdidf
                0x0000000002009e74                __aeabi_l2d
 .text          0x0000000002009ed4       0xa0 c:/devkitpro/devkitarm/bin/../lib/gcc/arm-none-eabi/11.1.0/thumb\libgcc.a(_arm_truncdfsf2.o)
                0x0000000002009ed4                __truncdfsf2
                0x0000000002009ed4                __aeabi_d2f
 .text          0x0000000002009f74      0x2ac c:/devkitpro/devkitarm/bin/../lib/gcc/arm-none-eabi/11.1.0/thumb\libgcc.a(_arm_addsubsf3.o)
                0x0000000002009f74                __aeabi_frsub
                0x0000000002009f7c                __subsf3
                0x0000000002009f7c                __aeabi_fsub
                0x0000000002009f80                __aeabi_fadd
                0x0000000002009f80                __addsf3
                0x000000000200a13c                __aeabi_ui2f
                0x000000000200a13c                __floatunsisf
                0x000000000200a144                __aeabi_i2f
                0x000000000200a144                __floatsisf
                0x000000000200a164                __aeabi_ul2f
                0x000000000200a164                __floatundisf
                0x000000000200a174                __aeabi_l2f
                0x000000000200a174                __floatdisf
 .text          0x000000000200a220      0x114 c:/devkitpro/devkitarm/bin/../lib/gcc/arm-none-eabi/11.1.0/thumb\libgcc.a(_arm_cmpsf2.o)
                0x000000000200a220                __gesf2
                0x000000000200a220                __gtsf2
                0x000000000200a228                __lesf2
                0x000000000200a228                __ltsf2
                0x000000000200a230                __nesf2
                0x000000000200a230                __eqsf2
                0x000000000200a230                __cmpsf2
                0x000000000200a294                __aeabi_cfrcmple
                0x000000000200a2a4                __aeabi_cfcmpeq
                0x000000000200a2a4                __aeabi_cfcmple
                0x000000000200a2bc                __aeabi_fcmpeq
                0x000000000200a2d4                __aeabi_fcmplt
                0x000000000200a2ec                __aeabi_fcmple
                0x000000000200a304                __aeabi_fcmpge
                0x000000000200a31c                __aeabi_fcmpgt
 .text          0x000000000200a334       0x5c c:/devkitpro/devkitarm/bin/../lib/gcc/arm-none-eabi/11.1.0/thumb\libgcc.a(_arm_fixsfsi.o)
                0x000000000200a334                __aeabi_f2iz
                0x000000000200a334                __fixsfsi
 .text          0x000000000200a390       0xd4 c:/devkitpro/devkitarm/bin/../lib/gcc/arm-none-eabi/11.1.0/thumb\libgcc.a(_aeabi_ldivmod.o)
                0x000000000200a390                __aeabi_ldivmod
 .text          0x000000000200a464       0x28 c:/devkitpro/devkitarm/bin/../lib/gcc/arm-none-eabi/11.1.0/thumb\libgcc.a(_clzdi2.o)
                0x000000000200a464                __clzdi2
 .text          0x000000000200a48c       0x48 c:/devkitpro/devkitarm/bin/../lib/gcc/arm-none-eabi/11.1.0/thumb\libgcc.a(_clzsi2.o)
                0x000000000200a48c                __clzsi2
 .text          0x000000000200a4d4      0x224 c:/devkitpro/devkitarm/bin/../lib/gcc/arm-none-eabi/11.1.0/../../../../arm-none-eabi/lib/thumb\libg.a(lib_a-strcmp.o)
                0x000000000200a4d4                strcmp
 .text          0x000000000200a6f8       0x14 c:/devkitpro/devkitarm/bin/../lib/gcc/arm-none-eabi/11.1.0/thumb\libgcc.a(_thumb1_case_uqi.o)
                0x000000000200a6f8                __gnu_thumb1_case_uqi
 .text          0x000000000200a70c       0x14 c:/devkitpro/devkitarm/bin/../lib/gcc/arm-none-eabi/11.1.0/thumb\libgcc.a(_thumb1_case_uhi.o)
                0x000000000200a70c                __gnu_thumb1_case_uhi
 .text          0x000000000200a720      0x49c c:/devkitpro/devkitarm/bin/../lib/gcc/arm-none-eabi/11.1.0/thumb\libgcc.a(_arm_muldivdf3.o)
                0x000000000200a720                __aeabi_dmul
                0x000000000200a720                __muldf3
                0x000000000200a9b0                __divdf3
                0x000000000200a9b0                __aeabi_ddiv
 .text          0x000000000200abbc      0x144 c:/devkitpro/devkitarm/bin/../lib/gcc/arm-none-eabi/11.1.0/thumb\libgcc.a(_arm_cmpdf2.o)
                0x000000000200abbc                __gtdf2
                0x000000000200abbc                __gedf2
                0x000000000200abc4                __ltdf2
                0x000000000200abc4                __ledf2
                0x000000000200abcc                __nedf2
                0x000000000200abcc                __eqdf2
                0x000000000200abcc                __cmpdf2
                0x000000000200ac54                __aeabi_cdrcmple
                0x000000000200ac70                __aeabi_cdcmpeq
                0x000000000200ac70                __aeabi_cdcmple
                0x000000000200ac88                __aeabi_dcmpeq
                0x000000000200aca0                __aeabi_dcmplt
                0x000000000200acb8                __aeabi_dcmple
                0x000000000200acd0                __aeabi_dcmpge
                0x000000000200ace8                __aeabi_dcmpgt
 .text          0x000000000200ad00       0x38 c:/devkitpro/devkitarm/bin/../lib/gcc/arm-none-eabi/11.1.0/thumb\libgcc.a(_arm_unorddf2.o)
                0x000000000200ad00                __unorddf2
                0x000000000200ad00                __aeabi_dcmpun
 .text          0x000000000200ad38       0x5c c:/devkitpro/devkitarm/bin/../lib/gcc/arm-none-eabi/11.1.0/thumb\libgcc.a(_arm_fixdfsi.o)
                0x000000000200ad38                __aeabi_d2iz
                0x000000000200ad38                __fixdfsi
 .text          0x000000000200ad94       0x3c c:/devkitpro/devkitarm/bin/../lib/gcc/arm-none-eabi/11.1.0/thumb\libgcc.a(_aeabi_uldivmod.o)
                0x000000000200ad94                __aeabi_uldivmod
 *(EXCLUDE_FILE(*.twl* *.vectors* *.itcm*) .stub)
 *(EXCLUDE_FILE(*.twl* *.vectors* *.itcm*) .text.*)
 .text.__do_global_dtors_aux
                0x000000000200add0       0x2c c:/devkitpro/devkitarm/bin/../lib/gcc/arm-none-eabi/11.1.0/thumb/crtbegin.o
 .text.frame_dummy
                0x000000000200adfc       0x24 c:/devkitpro/devkitarm/bin/../lib/gcc/arm-none-eabi/11.1.0/thumb/crtbegin.o
 .text.startup  0x000000000200ae20       0x70 main.o
                0x000000000200ae20                main
 .text.nitroFSDirClose
                0x000000000200ae90        0x4 C:/devkitPro/libnds/lib\libfilesystem.a(nitrofs.o)
 .text.nitroFSSeek
                0x000000000200ae94       0x78 C:/devkitPro/libnds/lib\libfilesystem.a(nitrofs.o)
 .text.nitroFSFstat
                0x000000000200af0c       0x10 C:/devkitPro/libnds/lib\libfilesystem.a(nitrofs.o)
 .text.nitroSubReadBlock
                0x000000000200af1c       0x54 C:/devkitPro/libnds/lib\libfilesystem.a(nitrofs.o)
 .text.nitroSubReadCard
                0x000000000200af70       0xb0 C:/devkitPro/libnds/lib\libfilesystem.a(nitrofs.o)
 .text.nitroFSClose
                0x000000000200b020        0x4 C:/devkitPro/libnds/lib\libfilesystem.a(nitrofs.o)
 .text.nitroDirReset
                0x000000000200b024       0x9c C:/devkitPro/libnds/lib\libfilesystem.a(nitrofs.o)
 .text.nitroFSRead
                0x000000000200b0c0       0xbc C:/devkitPro/libnds/lib\libfilesystem.a(nitrofs.o)
 .text.nitroFSDirNext
                0x000000000200b17c      0x30c C:/devkitPro/libnds/lib\libfilesystem.a(nitrofs.o)
 .text.nitroFSDirOpen
                0x000000000200b488       0xe0 C:/devkitPro/libnds/lib\libfilesystem.a(nitrofs.o)
 .text.nitroFSChdir
                0x000000000200b568       0x30 C:/devkitPro/libnds/lib\libfilesystem.a(nitrofs.o)
 .text.nitroFSOpen
                0x000000000200b598       0xc4 C:/devkitPro/libnds/lib\libfilesystem.a(nitrofs.o)
 .text.nitroFSstat
                0x000000000200b65c       0x68 C:/devkitPro/libnds/lib\libfilesystem.a(nitrofs.o)
 .text.nitroFSInit
                0x000000000200b6c4      0x12c C:/devkitPro/libnds/lib\libfilesystem.a(nitrofs.o)
                0x000000000200b6c4                nitroFSInit
 .text.fatMount.part.0
                0x000000000200b7f0       0xa0 C:/devkitPro/libnds/lib\libfat.a(libfat.o)
 .text.fatMount
                0x000000000200b890       0x3c C:/devkitPro/libnds/lib\libfat.a(libfat.o)
                0x000000000200b890                fatMount
 .text.fatInit  0x000000000200b8cc      0x130 C:/devkitPro/libnds/lib\libfat.a(libfat.o)
                0x000000000200b8cc                fatInit
 .text.fatInitDefault
                0x000000000200b9fc        0xc C:/devkitPro/libnds/lib\libfat.a(libfat.o)
                0x000000000200b9fc                fatInitDefault
 .text._FAT_check_position_for_next_cluster.part.0
                0x000000000200ba08       0x68 C:/devkitPro/libnds/lib\libfat.a(fatfile.o)
 .text._FAT_syncToDisc.part.0
                0x000000000200ba70       0xd4 C:/devkitPro/libnds/lib\libfat.a(fatfile.o)
 .text._FAT_file_extend_r
                0x000000000200bb44      0x208 C:/devkitPro/libnds/lib\libfat.a(fatfile.o)
 .text._FAT_open_r
                0x000000000200bd4c      0x2d4 C:/devkitPro/libnds/lib\libfat.a(fatfile.o)
                0x000000000200bd4c                _FAT_open_r
 .text._FAT_close_r
                0x000000000200c020       0x74 C:/devkitPro/libnds/lib\libfat.a(fatfile.o)
                0x000000000200c020                _FAT_close_r
 .text._FAT_read_r
                0x000000000200c094      0x398 C:/devkitPro/libnds/lib\libfat.a(fatfile.o)
                0x000000000200c094                _FAT_read_r
 .text._FAT_write_r
                0x000000000200c42c      0x53c C:/devkitPro/libnds/lib\libfat.a(fatfile.o)
                0x000000000200c42c                _FAT_write_r
 .text._FAT_seek_r
                0x000000000200c968      0x194 C:/devkitPro/libnds/lib\libfat.a(fatfile.o)
                0x000000000200c968                _FAT_seek_r
 .text._FAT_fstat_r
                0x000000000200cafc       0x8c C:/devkitPro/libnds/lib\libfat.a(fatfile.o)
                0x000000000200cafc                _FAT_fstat_r
 .text._FAT_ftruncate_r
                0x000000000200cb88      0x16c C:/devkitPro/libnds/lib\libfat.a(fatfile.o)
                0x000000000200cb88                _FAT_ftruncate_r
 .text._FAT_fsync_r
                0x000000000200ccf4       0x44 C:/devkitPro/libnds/lib\libfat.a(fatfile.o)
                0x000000000200ccf4                _FAT_fsync_r
 .text._FAT_cache_getPage
                0x000000000200cd38       0xf0 C:/devkitPro/libnds/lib\libfat.a(cache.o)
 .text._FAT_cache_constructor
                0x000000000200ce28       0x90 C:/devkitPro/libnds/lib\libfat.a(cache.o)
                0x000000000200ce28                _FAT_cache_constructor
 .text._FAT_cache_readSectors
                0x000000000200ceb8       0x60 C:/devkitPro/libnds/lib\libfat.a(cache.o)
                0x000000000200ceb8                _FAT_cache_readSectors
 .text._FAT_cache_readPartialSector
                0x000000000200cf18       0x3c C:/devkitPro/libnds/lib\libfat.a(cache.o)
                0x000000000200cf18                _FAT_cache_readPartialSector
 .text._FAT_cache_readLittleEndianValue
                0x000000000200cf54       0x70 C:/devkitPro/libnds/lib\libfat.a(cache.o)
                0x000000000200cf54                _FAT_cache_readLittleEndianValue
 .text._FAT_cache_writePartialSector
                0x000000000200cfc4       0x4c C:/devkitPro/libnds/lib\libfat.a(cache.o)
                0x000000000200cfc4                _FAT_cache_writePartialSector
 .text._FAT_cache_writeLittleEndianValue
                0x000000000200d010       0x8c C:/devkitPro/libnds/lib\libfat.a(cache.o)
                0x000000000200d010                _FAT_cache_writeLittleEndianValue
 .text._FAT_cache_eraseWritePartialSector
                0x000000000200d09c       0x60 C:/devkitPro/libnds/lib\libfat.a(cache.o)
                0x000000000200d09c                _FAT_cache_eraseWritePartialSector
 .text._FAT_cache_writeSectors
                0x000000000200d0fc       0x80 C:/devkitPro/libnds/lib\libfat.a(cache.o)
                0x000000000200d0fc                _FAT_cache_writeSectors
 .text._FAT_cache_flush
                0x000000000200d17c       0x40 C:/devkitPro/libnds/lib\libfat.a(cache.o)
                0x000000000200d17c                _FAT_cache_flush
 .text._FAT_stat_r
                0x000000000200d1bc       0x90 C:/devkitPro/libnds/lib\libfat.a(fatdir.o)
                0x000000000200d1bc                _FAT_stat_r
 .text._FAT_link_r
                0x000000000200d24c        0xc C:/devkitPro/libnds/lib\libfat.a(fatdir.o)
                0x000000000200d24c                _FAT_link_r
 .text._FAT_unlink_r
                0x000000000200d258      0x184 C:/devkitPro/libnds/lib\libfat.a(fatdir.o)
                0x000000000200d258                _FAT_unlink_r
 .text._FAT_chdir_r
                0x000000000200d3dc       0x70 C:/devkitPro/libnds/lib\libfat.a(fatdir.o)
                0x000000000200d3dc                _FAT_chdir_r
 .text._FAT_rename_r
                0x000000000200d44c      0x1c4 C:/devkitPro/libnds/lib\libfat.a(fatdir.o)
                0x000000000200d44c                _FAT_rename_r
 .text._FAT_mkdir_r
                0x000000000200d610      0x244 C:/devkitPro/libnds/lib\libfat.a(fatdir.o)
                0x000000000200d610                _FAT_mkdir_r
 .text._FAT_statvfs_r
                0x000000000200d854       0x78 C:/devkitPro/libnds/lib\libfat.a(fatdir.o)
                0x000000000200d854                _FAT_statvfs_r
 .text._FAT_diropen_r
                0x000000000200d8cc       0xb0 C:/devkitPro/libnds/lib\libfat.a(fatdir.o)
                0x000000000200d8cc                _FAT_diropen_r
 .text._FAT_dirreset_r
                0x000000000200d97c       0x4c C:/devkitPro/libnds/lib\libfat.a(fatdir.o)
                0x000000000200d97c                _FAT_dirreset_r
 .text._FAT_dirnext_r
                0x000000000200d9c8       0x7c C:/devkitPro/libnds/lib\libfat.a(fatdir.o)
                0x000000000200d9c8                _FAT_dirnext_r
 .text._FAT_dirclose_r
                0x000000000200da44       0x20 C:/devkitPro/libnds/lib\libfat.a(fatdir.o)
                0x000000000200da44                _FAT_dirclose_r
 .text._FAT_directory_entryGetAlias
                0x000000000200da64       0xc8 C:/devkitPro/libnds/lib\libfat.a(directory.o)
 .text._FAT_directory_incrementDirEntryPosition
                0x000000000200db2c       0x80 C:/devkitPro/libnds/lib\libfat.a(directory.o)
 .text._FAT_directory_mbsncasecmp
                0x000000000200dbac       0xa8 C:/devkitPro/libnds/lib\libfat.a(directory.o)
 .text._FAT_directory_ucs2tombs.constprop.0
                0x000000000200dc54       0x90 C:/devkitPro/libnds/lib\libfat.a(directory.o)
 .text._FAT_directory_entryGetCluster
                0x000000000200dce4       0x20 C:/devkitPro/libnds/lib\libfat.a(directory.o)
                0x000000000200dce4                _FAT_directory_entryGetCluster
 .text._FAT_directory_getNextEntry
                0x000000000200dd04      0x23c C:/devkitPro/libnds/lib\libfat.a(directory.o)
                0x000000000200dd04                _FAT_directory_getNextEntry
 .text._FAT_directory_entryExists
                0x000000000200df40       0x80 C:/devkitPro/libnds/lib\libfat.a(directory.o)
 .text._FAT_directory_getFirstEntry
                0x000000000200dfc0       0x20 C:/devkitPro/libnds/lib\libfat.a(directory.o)
                0x000000000200dfc0                _FAT_directory_getFirstEntry
 .text._FAT_directory_getRootEntry
                0x000000000200dfe0       0x60 C:/devkitPro/libnds/lib\libfat.a(directory.o)
                0x000000000200dfe0                _FAT_directory_getRootEntry
 .text._FAT_directory_entryFromPosition
                0x000000000200e040      0x150 C:/devkitPro/libnds/lib\libfat.a(directory.o)
                0x000000000200e040                _FAT_directory_entryFromPosition
 .text._FAT_directory_entryFromPath
                0x000000000200e190      0x248 C:/devkitPro/libnds/lib\libfat.a(directory.o)
                0x000000000200e190                _FAT_directory_entryFromPath
 .text._FAT_directory_removeEntry
                0x000000000200e3d8       0xd8 C:/devkitPro/libnds/lib\libfat.a(directory.o)
                0x000000000200e3d8                _FAT_directory_removeEntry
 .text._FAT_directory_addEntry
                0x000000000200e4b0      0x808 C:/devkitPro/libnds/lib\libfat.a(directory.o)
                0x000000000200e4b0                _FAT_directory_addEntry
 .text._FAT_directory_chdir
                0x000000000200ecb8       0x3c C:/devkitPro/libnds/lib\libfat.a(directory.o)
                0x000000000200ecb8                _FAT_directory_chdir
 .text._FAT_directory_entryStat
                0x000000000200ecf4       0xe4 C:/devkitPro/libnds/lib\libfat.a(directory.o)
                0x000000000200ecf4                _FAT_directory_entryStat
 .text.isValidMBR
                0x000000000200edd8       0x5c C:/devkitPro/libnds/lib\libfat.a(partition.o)
 .text._FAT_updateFS_INFO
                0x000000000200ee34       0x54 C:/devkitPro/libnds/lib\libfat.a(partition.o)
 .text.FindFirstValidPartition_buf.part.0
                0x000000000200ee88      0x11c C:/devkitPro/libnds/lib\libfat.a(partition.o)
 .text._FAT_partition_getPartitionFromPath
                0x000000000200efa4       0x10 C:/devkitPro/libnds/lib\libfat.a(partition.o)
                0x000000000200efa4                _FAT_partition_getPartitionFromPath
 .text._FAT_partition_createFSinfo
                0x000000000200efb4       0x50 C:/devkitPro/libnds/lib\libfat.a(partition.o)
                0x000000000200efb4                _FAT_partition_createFSinfo
 .text._FAT_partition_readFSinfo.part.0
                0x000000000200f004       0x74 C:/devkitPro/libnds/lib\libfat.a(partition.o)
 .text._FAT_partition_constructor_buf
                0x000000000200f078      0x2e8 C:/devkitPro/libnds/lib\libfat.a(partition.o)
                0x000000000200f078                _FAT_partition_constructor_buf
 .text._FAT_partition_constructor
                0x000000000200f360       0x40 C:/devkitPro/libnds/lib\libfat.a(partition.o)
                0x000000000200f360                _FAT_partition_constructor
 .text._FAT_partition_readFSinfo
                0x000000000200f3a0       0x10 C:/devkitPro/libnds/lib\libfat.a(partition.o)
                0x000000000200f3a0                _FAT_partition_readFSinfo
 .text._FAT_lock_init
                0x000000000200f3b0        0x4 C:/devkitPro/libnds/lib\libfat.a(lock.o)
                0x000000000200f3b0                _FAT_lock_init
 .text._FAT_lock
                0x000000000200f3b4        0x4 C:/devkitPro/libnds/lib\libfat.a(lock.o)
                0x000000000200f3b4                _FAT_lock
 .text._FAT_unlock
                0x000000000200f3b8        0x4 C:/devkitPro/libnds/lib\libfat.a(lock.o)
                0x000000000200f3b8                _FAT_unlock
 .text._FAT_filetime_getTimeFromRTC
                0x000000000200f3bc       0x44 C:/devkitPro/libnds/lib\libfat.a(filetime.o)
                0x000000000200f3bc                _FAT_filetime_getTimeFromRTC
 .text._FAT_filetime_getDateFromRTC
                0x000000000200f400       0x44 C:/devkitPro/libnds/lib\libfat.a(filetime.o)
                0x000000000200f400                _FAT_filetime_getDateFromRTC
 .text._FAT_filetime_to_time_t
                0x000000000200f444       0x38 C:/devkitPro/libnds/lib\libfat.a(filetime.o)
                0x000000000200f444                _FAT_filetime_to_time_t
 .text._FAT_fat_writeFatEntry.part.0.isra.0
                0x000000000200f47c      0x12c C:/devkitPro/libnds/lib\libfat.a(file_allocation_table.o)
 .text._FAT_fat_nextCluster
                0x000000000200f5a8      0x108 C:/devkitPro/libnds/lib\libfat.a(file_allocation_table.o)
                0x000000000200f5a8                _FAT_fat_nextCluster
 .text._FAT_fat_linkFreeCluster
                0x000000000200f6b0       0xac C:/devkitPro/libnds/lib\libfat.a(file_allocation_table.o)
                0x000000000200f6b0                _FAT_fat_linkFreeCluster
 .text._FAT_fat_linkFreeClusterCleared
                0x000000000200f75c       0x68 C:/devkitPro/libnds/lib\libfat.a(file_allocation_table.o)
                0x000000000200f75c                _FAT_fat_linkFreeClusterCleared
 .text._FAT_fat_clearLinks
                0x000000000200f7c4       0x7c C:/devkitPro/libnds/lib\libfat.a(file_allocation_table.o)
                0x000000000200f7c4                _FAT_fat_clearLinks
 .text._FAT_fat_trimChain
                0x000000000200f840       0x80 C:/devkitPro/libnds/lib\libfat.a(file_allocation_table.o)
                0x000000000200f840                _FAT_fat_trimChain
 .text._FAT_fat_lastCluster
                0x000000000200f8c0       0x34 C:/devkitPro/libnds/lib\libfat.a(file_allocation_table.o)
                0x000000000200f8c0                _FAT_fat_lastCluster
 .text._FAT_fat_freeClusterCount
                0x000000000200f8f4       0x2c C:/devkitPro/libnds/lib\libfat.a(file_allocation_table.o)
                0x000000000200f8f4                _FAT_fat_freeClusterCount
 .text.setBrightness
                0x000000000200f920       0x40 C:/devkitPro/libnds/lib\libnds9.a(video.o)
                0x000000000200f920                setBrightness
 .text.vramDefault
                0x000000000200f960       0xd0 C:/devkitPro/libnds/lib\libnds9.a(video.o)
                0x000000000200f960                vramDefault
 .text.newRow   0x000000000200fa30       0xb0 C:/devkitPro/libnds/lib\libnds9.a(console.o)
 .text.consolePrintChar
                0x000000000200fae0       0xec C:/devkitPro/libnds/lib\libnds9.a(console.o)
                0x000000000200fae0                consolePrintChar
 .text.con_write
                0x000000000200fbcc      0x374 C:/devkitPro/libnds/lib\libnds9.a(console.o)
                0x000000000200fbcc                con_write
 .text.consoleLoadFont
                0x000000000200ff40      0x2a8 C:/devkitPro/libnds/lib\libnds9.a(console.o)
                0x000000000200ff40                consoleLoadFont
 .text.consoleInit
                0x00000000020101e8      0x194 C:/devkitPro/libnds/lib\libnds9.a(console.o)
                0x00000000020101e8                consoleInit
 .text.consoleDemoInit
                0x000000000201037c       0x40 C:/devkitPro/libnds/lib\libnds9.a(console.o)
                0x000000000201037c                consoleDemoInit
 .text.consoleClear
                0x00000000020103bc       0x10 C:/devkitPro/libnds/lib\libnds9.a(console.o)
                0x00000000020103bc                consoleClear
 .text.oamInit  0x00000000020103cc      0x118 C:/devkitPro/libnds/lib\libnds9.a(sprite.o)
                0x00000000020103cc                oamInit
 .text.oamGfxPtrToOffset
                0x00000000020104e4       0x34 C:/devkitPro/libnds/lib\libnds9.a(sprite.o)
                0x00000000020104e4                oamGfxPtrToOffset
 .text.oamSet   0x0000000002010518      0x11c C:/devkitPro/libnds/lib\libnds9.a(sprite.o)
                0x0000000002010518                oamSet
 .text.oamUpdate
                0x0000000002010634       0x60 C:/devkitPro/libnds/lib\libnds9.a(sprite.o)
                0x0000000002010634                oamUpdate
 .text.oamRotateScale
                0x0000000002010694       0x4c C:/devkitPro/libnds/lib\libnds9.a(sprite.o)
                0x0000000002010694                oamRotateScale
 .text.soundPlaySample
                0x00000000020106e0       0x68 C:/devkitPro/libnds/lib\libnds9.a(sound.o)
                0x00000000020106e0                soundPlaySample
 .text.scanKeys
                0x0000000002010748       0x8c C:/devkitPro/libnds/lib\libnds9.a(keys.o)
                0x0000000002010748                scanKeys
 .text.keysHeld
                0x00000000020107d4        0xc C:/devkitPro/libnds/lib\libnds9.a(keys.o)
                0x00000000020107d4                keysHeld
 .text.keysDown
                0x00000000020107e0       0x14 C:/devkitPro/libnds/lib\libnds9.a(keys.o)
                0x00000000020107e0                keysDown
 .text.dldiGetInternal
                0x00000000020107f4       0x34 C:/devkitPro/libnds/lib\libnds9.a(dldi.o)
                0x00000000020107f4                dldiGetInternal
 .text.get_io_dsisd
                0x0000000002010828       0x24 C:/devkitPro/libnds/lib\libnds9.a(dldi.o)
                0x0000000002010828                get_io_dsisd
 .text.initSystem
                0x000000000201084c      0x198 C:/devkitPro/libnds/lib\libnds9.a(initSystem.o)
                0x000000000201084c                initSystem
 .text.__libnds_gtod
                0x00000000020109e4       0x28 C:/devkitPro/libnds/lib\libnds9.a(timeSupport.o)
                0x00000000020109e4                __libnds_gtod
 .text.irqDummy
                0x0000000002010a0c        0x4 C:/devkitPro/libnds/lib\libnds9.a(interrupts.o)
                0x0000000002010a0c                irqDummy
 .text.irqSet   0x0000000002010a10       0x6c C:/devkitPro/libnds/lib\libnds9.a(interrupts.o)
                0x0000000002010a10                irqSet
 .text.irqInit  0x0000000002010a7c       0x50 C:/devkitPro/libnds/lib\libnds9.a(interrupts.o)
                0x0000000002010a7c                irqInit
 .text.irqEnable
                0x0000000002010acc       0x64 C:/devkitPro/libnds/lib\libnds9.a(interrupts.o)
                0x0000000002010acc                irqEnable
 .text.systemErrorExit
                0x0000000002010b30        0x4 C:/devkitPro/libnds/lib\libnds9.a(libnds_exit.arm.o)
                0x0000000002010b30                systemErrorExit
 .text.__libnds_exit
                0x0000000002010b34       0x5c C:/devkitPro/libnds/lib\libnds9.a(libnds_exit.arm.o)
                0x0000000002010b34                __libnds_exit
 .text.cardPolledTransfer
                0x0000000002010b90       0x54 C:/devkitPro/libnds/lib\libnds9.a(card.o)
                0x0000000002010b90                cardPolledTransfer
 .text.cardParamCommand
                0x0000000002010be4       0x34 C:/devkitPro/libnds/lib\libnds9.a(card.o)
                0x0000000002010be4                cardParamCommand
 .text.fifo_queueBlock
                0x0000000002010c18       0x44 C:/devkitPro/libnds/lib\libnds9.a(fifosystem.o)
 .text.fifo_waitBlock
                0x0000000002010c5c       0x80 C:/devkitPro/libnds/lib\libnds9.a(fifosystem.o)
 .text.fifoInternalSend.part.0
                0x0000000002010cdc       0xd4 C:/devkitPro/libnds/lib\libnds9.a(fifosystem.o)
 .text.fifoInternalSendInterrupt
                0x0000000002010db0       0xa8 C:/devkitPro/libnds/lib\libnds9.a(fifosystem.o)
 .text.fifoSetValue32Handler
                0x0000000002010e58       0xd8 C:/devkitPro/libnds/lib\libnds9.a(fifosystem.o)
                0x0000000002010e58                fifoSetValue32Handler
 .text.fifoSendValue32
                0x0000000002010f30       0x4c C:/devkitPro/libnds/lib\libnds9.a(fifosystem.o)
                0x0000000002010f30                fifoSendValue32
 .text.fifoSendDatamsg
                0x0000000002010f7c       0x90 C:/devkitPro/libnds/lib\libnds9.a(fifosystem.o)
                0x0000000002010f7c                fifoSendDatamsg
 .text.fifoGetValue32
                0x000000000201100c       0x70 C:/devkitPro/libnds/lib\libnds9.a(fifosystem.o)
                0x000000000201100c                fifoGetValue32
 .text.fifoGetDatamsg
                0x000000000201107c       0xf4 C:/devkitPro/libnds/lib\libnds9.a(fifosystem.o)
                0x000000000201107c                fifoGetDatamsg
 .text.fifoInternalRecvInterrupt
                0x0000000002011170      0x380 C:/devkitPro/libnds/lib\libnds9.a(fifosystem.o)
 .text.fifoSetDatamsgHandler
                0x00000000020114f0       0x9c C:/devkitPro/libnds/lib\libnds9.a(fifosystem.o)
                0x00000000020114f0                fifoSetDatamsgHandler
 .text.fifoCheckValue32
                0x000000000201158c       0x24 C:/devkitPro/libnds/lib\libnds9.a(fifosystem.o)
                0x000000000201158c                fifoCheckValue32
 .text.fifoInit
                0x00000000020115b0       0xf8 C:/devkitPro/libnds/lib\libnds9.a(fifosystem.o)
                0x00000000020115b0                fifoInit
 .text.DC_FlushRange
                0x00000000020116a8       0x24 C:/devkitPro/libnds/lib\libnds9.a(dcache.o)
                0x00000000020116a8                DC_FlushRange
 .text.DC_InvalidateRange
                0x00000000020116cc       0x2c C:/devkitPro/libnds/lib\libnds9.a(dcache.o)
                0x00000000020116cc                DC_InvalidateRange
 .text.__libnds_mpu_setup
                0x00000000020116f8      0x174 C:/devkitPro/libnds/lib\libnds9.a(mpu_setup.o)
                0x00000000020116f8                __libnds_mpu_setup
 .text.memUncached
                0x000000000201186c       0x20 C:/devkitPro/libnds/lib\libnds9.a(mpu_setup.o)
                0x000000000201186c                memUncached
 .text.swiWaitForVBlank
                0x000000000201188c        0x8 C:/devkitPro/libnds/lib\libnds9.a(IntrWait.o)
                0x000000000201188c                swiWaitForVBlank
 .text.swiIntrWait
                0x0000000002011894       0x70 C:/devkitPro/libnds/lib\libnds9.a(IntrWait.o)
                0x0000000002011894                swiIntrWait
 .text.setCpuClock
                0x0000000002011904       0x50 C:/devkitPro/libnds/lib\libnds9.a(cpu_clock.o)
                0x0000000002011904                setCpuClock
 .text.swiSoftReset
                0x0000000002011954       0x2c C:/devkitPro/libnds/lib\libnds9.a(swiSoftReset.o)
                0x0000000002011954                swiSoftReset
 .text.swiDelay
                0x0000000002011980        0x4 C:/devkitPro/libnds/lib\libnds9.a(biosCalls.o)
                0x0000000002011980                swiDelay
 .text.checkIfText
                0x0000000002011984       0x5c C:/devkitPro/libnds/lib\libnds9.a(background.o)
                0x0000000002011984                checkIfText
 .text.bgUpdate
                0x00000000020119e0       0xf4 C:/devkitPro/libnds/lib\libnds9.a(background.o)
                0x00000000020119e0                bgUpdate
 .text.bgInit_call
                0x0000000002011ad4       0xc4 C:/devkitPro/libnds/lib\libnds9.a(background.o)
                0x0000000002011ad4                bgInit_call
 .text.bgInitSub_call
                0x0000000002011b98       0xcc C:/devkitPro/libnds/lib\libnds9.a(background.o)
                0x0000000002011b98                bgInitSub_call
 .text.oamAllocReset
                0x0000000002011c64       0x1c C:/devkitPro/libnds/lib\libnds9.a(sprite_alloc.o)
                0x0000000002011c64                oamAllocReset
 .text.systemValueHandler
                0x0000000002011c80       0x48 C:/devkitPro/libnds/lib\libnds9.a(system.o)
                0x0000000002011c80                systemValueHandler
 .text.systemMsgHandler
                0x0000000002011cc8       0x60 C:/devkitPro/libnds/lib\libnds9.a(system.o)
                0x0000000002011cc8                systemMsgHandler
 .text.powerOn  0x0000000002011d28       0x2c C:/devkitPro/libnds/lib\libnds9.a(system.o)
                0x0000000002011d28                powerOn
 .text.sinLutLookup
                0x0000000002011d54       0x38 C:/devkitPro/libnds/lib\libnds9.a(trig.o)
                0x0000000002011d54                sinLutLookup
 .text.sinLerp  0x0000000002011d8c       0x40 C:/devkitPro/libnds/lib\libnds9.a(trig.o)
                0x0000000002011d8c                sinLerp
 .text.cosLerp  0x0000000002011dcc       0x4c C:/devkitPro/libnds/lib\libnds9.a(trig.o)
                0x0000000002011dcc                cosLerp
 .text.__muldi3
                0x0000000002011e18       0x54 c:/devkitpro/devkitarm/bin/../lib/gcc/arm-none-eabi/11.1.0/thumb\libgcc.a(_muldi3.o)
                0x0000000002011e18                __muldi3
                0x0000000002011e18                __aeabi_lmul
 .text.__udivmoddi4
                0x0000000002011e6c      0x19c c:/devkitpro/devkitarm/bin/../lib/gcc/arm-none-eabi/11.1.0/thumb\libgcc.a(_udivmoddi4.o)
                0x0000000002011e6c                __udivmoddi4
 .text.calloc   0x0000000002012008       0x18 c:/devkitpro/devkitarm/bin/../lib/gcc/arm-none-eabi/11.1.0/../../../../arm-none-eabi/lib/thumb\libg.a(lib_a-calloc.o)
                0x0000000002012008                calloc
 .text._calloc_r
                0x0000000002012020       0xb0 c:/devkitpro/devkitarm/bin/../lib/gcc/arm-none-eabi/11.1.0/../../../../arm-none-eabi/lib/thumb\libg.a(lib_a-callocr.o)
                0x0000000002012020                _calloc_r
 .text.__errno  0x00000000020120d0        0xc c:/devkitpro/devkitarm/bin/../lib/gcc/arm-none-eabi/11.1.0/../../../../arm-none-eabi/lib/thumb\libg.a(lib_a-errno.o)
                0x00000000020120d0                __errno
 .text._fclose_r
                0x00000000020120dc       0xe8 c:/devkitpro/devkitarm/bin/../lib/gcc/arm-none-eabi/11.1.0/../../../../arm-none-eabi/lib/thumb\libg.a(lib_a-fclose.o)
                0x00000000020120dc                _fclose_r
 .text.fclose   0x00000000020121c4       0x14 c:/devkitpro/devkitarm/bin/../lib/gcc/arm-none-eabi/11.1.0/../../../../arm-none-eabi/lib/thumb\libg.a(lib_a-fclose.o)
                0x00000000020121c4                fclose
 .text.__sflush_r
                0x00000000020121d8      0x1c0 c:/devkitpro/devkitarm/bin/../lib/gcc/arm-none-eabi/11.1.0/../../../../arm-none-eabi/lib/thumb\libg.a(lib_a-fflush.o)
                0x00000000020121d8                __sflush_r
 .text._fflush_r
                0x0000000002012398       0x70 c:/devkitpro/devkitarm/bin/../lib/gcc/arm-none-eabi/11.1.0/../../../../arm-none-eabi/lib/thumb\libg.a(lib_a-fflush.o)
                0x0000000002012398                _fflush_r
 .text.fflush   0x0000000002012408       0x2c c:/devkitpro/devkitarm/bin/../lib/gcc/arm-none-eabi/11.1.0/../../../../arm-none-eabi/lib/thumb\libg.a(lib_a-fflush.o)
                0x0000000002012408                fflush
 .text._cleanup_r
                0x0000000002012434       0x14 c:/devkitpro/devkitarm/bin/../lib/gcc/arm-none-eabi/11.1.0/../../../../arm-none-eabi/lib/thumb\libg.a(lib_a-findfp.o)
                0x0000000002012434                _cleanup_r
 .text.__sinit  0x0000000002012448      0x124 c:/devkitpro/devkitarm/bin/../lib/gcc/arm-none-eabi/11.1.0/../../../../arm-none-eabi/lib/thumb\libg.a(lib_a-findfp.o)
                0x0000000002012448                __sinit
 .text.__sfp    0x000000000201256c       0xdc c:/devkitpro/devkitarm/bin/../lib/gcc/arm-none-eabi/11.1.0/../../../../arm-none-eabi/lib/thumb\libg.a(lib_a-findfp.o)
                0x000000000201256c                __sfp
 .text.__sfp_lock_acquire
                0x0000000002012648       0x14 c:/devkitpro/devkitarm/bin/../lib/gcc/arm-none-eabi/11.1.0/../../../../arm-none-eabi/lib/thumb\libg.a(lib_a-findfp.o)
                0x0000000002012648                __sfp_lock_acquire
 .text.__sfp_lock_release
                0x000000000201265c       0x14 c:/devkitpro/devkitarm/bin/../lib/gcc/arm-none-eabi/11.1.0/../../../../arm-none-eabi/lib/thumb\libg.a(lib_a-findfp.o)
                0x000000000201265c                __sfp_lock_release
 .text._fopen_r
                0x0000000002012670       0xb8 c:/devkitpro/devkitarm/bin/../lib/gcc/arm-none-eabi/11.1.0/../../../../arm-none-eabi/lib/thumb\libg.a(lib_a-fopen.o)
                0x0000000002012670                _fopen_r
 .text.fopen    0x0000000002012728       0x18 c:/devkitpro/devkitarm/bin/../lib/gcc/arm-none-eabi/11.1.0/../../../../arm-none-eabi/lib/thumb\libg.a(lib_a-fopen.o)
                0x0000000002012728                fopen
 .text._fread_r
                0x0000000002012740      0x1f4 c:/devkitpro/devkitarm/bin/../lib/gcc/arm-none-eabi/11.1.0/../../../../arm-none-eabi/lib/thumb\libg.a(lib_a-fread.o)
                0x0000000002012740                _fread_r
 .text.fread    0x0000000002012934       0x24 c:/devkitpro/devkitarm/bin/../lib/gcc/arm-none-eabi/11.1.0/../../../../arm-none-eabi/lib/thumb\libg.a(lib_a-fread.o)
                0x0000000002012934                fread
 .text._malloc_trim_r
                0x0000000002012958       0xa0 c:/devkitpro/devkitarm/bin/../lib/gcc/arm-none-eabi/11.1.0/../../../../arm-none-eabi/lib/thumb\libg.a(lib_a-freer.o)
                0x0000000002012958                _malloc_trim_r
 .text._free_r  0x00000000020129f8      0x1d8 c:/devkitpro/devkitarm/bin/../lib/gcc/arm-none-eabi/11.1.0/../../../../arm-none-eabi/lib/thumb\libg.a(lib_a-freer.o)
                0x00000000020129f8                _free_r
 .text._fseek_r
                0x0000000002012bd0       0x18 c:/devkitpro/devkitarm/bin/../lib/gcc/arm-none-eabi/11.1.0/../../../../arm-none-eabi/lib/thumb\libg.a(lib_a-fseek.o)
                0x0000000002012bd0                _fseek_r
 .text.fseek    0x0000000002012be8       0x24 c:/devkitpro/devkitarm/bin/../lib/gcc/arm-none-eabi/11.1.0/../../../../arm-none-eabi/lib/thumb\libg.a(lib_a-fseek.o)
                0x0000000002012be8                fseek
 .text._fseeko_r
                0x0000000002012c0c      0x41c c:/devkitpro/devkitarm/bin/../lib/gcc/arm-none-eabi/11.1.0/../../../../arm-none-eabi/lib/thumb\libg.a(lib_a-fseeko.o)
                0x0000000002012c0c                _fseeko_r
 .text.ftell    0x0000000002013028       0x24 c:/devkitpro/devkitarm/bin/../lib/gcc/arm-none-eabi/11.1.0/../../../../arm-none-eabi/lib/thumb\libg.a(lib_a-ftell.o)
                0x0000000002013028                ftell
 .text._ftello_r
                0x000000000201304c      0x11c c:/devkitpro/devkitarm/bin/../lib/gcc/arm-none-eabi/11.1.0/../../../../arm-none-eabi/lib/thumb\libg.a(lib_a-ftello.o)
                0x000000000201304c                _ftello_r
 .text._fwalk   0x0000000002013168       0x48 c:/devkitpro/devkitarm/bin/../lib/gcc/arm-none-eabi/11.1.0/../../../../arm-none-eabi/lib/thumb\libg.a(lib_a-fwalk.o)
                0x0000000002013168                _fwalk
 .text._fwalk_reent
                0x00000000020131b0       0x50 c:/devkitpro/devkitarm/bin/../lib/gcc/arm-none-eabi/11.1.0/../../../../arm-none-eabi/lib/thumb\libg.a(lib_a-fwalk.o)
                0x00000000020131b0                _fwalk_reent
 .text.__libc_init_array
                0x0000000002013200       0x50 c:/devkitpro/devkitarm/bin/../lib/gcc/arm-none-eabi/11.1.0/../../../../arm-none-eabi/lib/thumb\libg.a(lib_a-init.o)
                0x0000000002013200                __libc_init_array
 .text.iprintf  0x0000000002013250       0x24 c:/devkitpro/devkitarm/bin/../lib/gcc/arm-none-eabi/11.1.0/../../../../arm-none-eabi/lib/thumb\libg.a(lib_a-iprintf.o)
                0x0000000002013250                iprintf
 .text.localtime_r
                0x0000000002013274      0x244 c:/devkitpro/devkitarm/bin/../lib/gcc/arm-none-eabi/11.1.0/../../../../arm-none-eabi/lib/thumb\libg.a(lib_a-lcltime_r.o)
                0x0000000002013274                localtime_r
 .text.__locale_mb_cur_max
                0x00000000020134b8       0x10 c:/devkitpro/devkitarm/bin/../lib/gcc/arm-none-eabi/11.1.0/../../../../arm-none-eabi/lib/thumb\libg.a(lib_a-locale.o)
                0x00000000020134b8                __locale_mb_cur_max
 .text.__smakebuf_r
                0x00000000020134c8       0xec c:/devkitpro/devkitarm/bin/../lib/gcc/arm-none-eabi/11.1.0/../../../../arm-none-eabi/lib/thumb\libg.a(lib_a-makebuf.o)
                0x00000000020134c8                __smakebuf_r
 .text.__swhatbuf_r
                0x00000000020135b4       0x5c c:/devkitpro/devkitarm/bin/../lib/gcc/arm-none-eabi/11.1.0/../../../../arm-none-eabi/lib/thumb\libg.a(lib_a-makebuf.o)
                0x00000000020135b4                __swhatbuf_r
 .text.malloc   0x0000000002013610       0x14 c:/devkitpro/devkitarm/bin/../lib/gcc/arm-none-eabi/11.1.0/../../../../arm-none-eabi/lib/thumb\libg.a(lib_a-malloc.o)
                0x0000000002013610                malloc
 .text.free     0x0000000002013624       0x14 c:/devkitpro/devkitarm/bin/../lib/gcc/arm-none-eabi/11.1.0/../../../../arm-none-eabi/lib/thumb\libg.a(lib_a-malloc.o)
                0x0000000002013624                free
 .text._malloc_r
                0x0000000002013638      0x58c c:/devkitpro/devkitarm/bin/../lib/gcc/arm-none-eabi/11.1.0/../../../../arm-none-eabi/lib/thumb\libg.a(lib_a-mallocr.o)
                0x0000000002013638                _malloc_r
 .text._mbrtowc_r
                0x0000000002013bc4       0x60 c:/devkitpro/devkitarm/bin/../lib/gcc/arm-none-eabi/11.1.0/../../../../arm-none-eabi/lib/thumb\libg.a(lib_a-mbrtowc.o)
                0x0000000002013bc4                _mbrtowc_r
 .text.mbrtowc  0x0000000002013c24       0x7c c:/devkitpro/devkitarm/bin/../lib/gcc/arm-none-eabi/11.1.0/../../../../arm-none-eabi/lib/thumb\libg.a(lib_a-mbrtowc.o)
                0x0000000002013c24                mbrtowc
 .text.mbsrtowcs
                0x0000000002013ca0       0x28 c:/devkitpro/devkitarm/bin/../lib/gcc/arm-none-eabi/11.1.0/../../../../arm-none-eabi/lib/thumb\libg.a(lib_a-mbsrtowcs.o)
                0x0000000002013ca0                mbsrtowcs
 .text.__utf8_mbtowc
                0x0000000002013cc8      0x294 c:/devkitpro/devkitarm/bin/../lib/gcc/arm-none-eabi/11.1.0/../../../../arm-none-eabi/lib/thumb\libg.a(lib_a-mbtowc_r.o)
                0x0000000002013cc8                __utf8_mbtowc
 .text.memcmp   0x0000000002013f5c       0x4c c:/devkitpro/devkitarm/bin/../lib/gcc/arm-none-eabi/11.1.0/../../../../arm-none-eabi/lib/thumb\libg.a(lib_a-memcmp.o)
                0x0000000002013f5c                memcmp
 .text.memcpy   0x0000000002013fa8       0xa8 c:/devkitpro/devkitarm/bin/../lib/gcc/arm-none-eabi/11.1.0/../../../../arm-none-eabi/lib/thumb\libg.a(lib_a-memcpy-stub.o)
                0x0000000002013fa8                memcpy
 .text.memmove  0x0000000002014050       0xbc c:/devkitpro/devkitarm/bin/../lib/gcc/arm-none-eabi/11.1.0/../../../../arm-none-eabi/lib/thumb\libg.a(lib_a-memmove.o)
                0x0000000002014050                memmove
 .text.memset   0x000000000201410c       0xb0 c:/devkitpro/devkitarm/bin/../lib/gcc/arm-none-eabi/11.1.0/../../../../arm-none-eabi/lib/thumb\libg.a(lib_a-memset.o)
                0x000000000201410c                memset
 .text.validate_structure
                0x00000000020141bc      0x1dc c:/devkitpro/devkitarm/bin/../lib/gcc/arm-none-eabi/11.1.0/../../../../arm-none-eabi/lib/thumb\libg.a(lib_a-mktime.o)
 .text.mktime   0x0000000002014398      0x450 c:/devkitpro/devkitarm/bin/../lib/gcc/arm-none-eabi/11.1.0/../../../../arm-none-eabi/lib/thumb\libg.a(lib_a-mktime.o)
                0x0000000002014398                mktime
 .text.__malloc_lock
                0x00000000020147e8       0x14 c:/devkitpro/devkitarm/bin/../lib/gcc/arm-none-eabi/11.1.0/../../../../arm-none-eabi/lib/thumb\libg.a(lib_a-mlock.o)
                0x00000000020147e8                __malloc_lock
 .text.__malloc_unlock
                0x00000000020147fc       0x14 c:/devkitpro/devkitarm/bin/../lib/gcc/arm-none-eabi/11.1.0/../../../../arm-none-eabi/lib/thumb\libg.a(lib_a-mlock.o)
                0x00000000020147fc                __malloc_unlock
 .text.printf   0x0000000002014810       0x24 c:/devkitpro/devkitarm/bin/../lib/gcc/arm-none-eabi/11.1.0/../../../../arm-none-eabi/lib/thumb\libg.a(lib_a-printf.o)
                0x0000000002014810                printf
 .text.realloc  0x0000000002014834       0x18 c:/devkitpro/devkitarm/bin/../lib/gcc/arm-none-eabi/11.1.0/../../../../arm-none-eabi/lib/thumb\libg.a(lib_a-realloc.o)
                0x0000000002014834                realloc
 .text._realloc_r
                0x000000000201484c      0x380 c:/devkitpro/devkitarm/bin/../lib/gcc/arm-none-eabi/11.1.0/../../../../arm-none-eabi/lib/thumb\libg.a(lib_a-reallocr.o)
                0x000000000201484c                _realloc_r
 .text.lflush   0x0000000002014bcc       0x20 c:/devkitpro/devkitarm/bin/../lib/gcc/arm-none-eabi/11.1.0/../../../../arm-none-eabi/lib/thumb\libg.a(lib_a-refill.o)
 .text.__srefill_r
                0x0000000002014bec      0x118 c:/devkitpro/devkitarm/bin/../lib/gcc/arm-none-eabi/11.1.0/../../../../arm-none-eabi/lib/thumb\libg.a(lib_a-refill.o)
                0x0000000002014bec                __srefill_r
 .text.rewind   0x0000000002014d04       0x20 c:/devkitpro/devkitarm/bin/../lib/gcc/arm-none-eabi/11.1.0/../../../../arm-none-eabi/lib/thumb\libg.a(lib_a-rewind.o)
                0x0000000002014d04                rewind
 .text.setvbuf  0x0000000002014d24      0x1ac c:/devkitpro/devkitarm/bin/../lib/gcc/arm-none-eabi/11.1.0/../../../../arm-none-eabi/lib/thumb\libg.a(lib_a-setvbuf.o)
                0x0000000002014d24                setvbuf
 .text.siscanf  0x0000000002014ed0       0x4c c:/devkitpro/devkitarm/bin/../lib/gcc/arm-none-eabi/11.1.0/../../../../arm-none-eabi/lib/thumb\libg.a(lib_a-siscanf.o)
                0x0000000002014ed0                siscanf
 .text.sprintf  0x0000000002014f1c       0x40 c:/devkitpro/devkitarm/bin/../lib/gcc/arm-none-eabi/11.1.0/../../../../arm-none-eabi/lib/thumb\libg.a(lib_a-sprintf.o)
                0x0000000002014f1c                sprintf
 .text.__sread  0x0000000002014f5c       0x34 c:/devkitpro/devkitarm/bin/../lib/gcc/arm-none-eabi/11.1.0/../../../../arm-none-eabi/lib/thumb\libg.a(lib_a-stdio.o)
                0x0000000002014f5c                __sread
 .text.__seofread
                0x0000000002014f90        0x4 c:/devkitpro/devkitarm/bin/../lib/gcc/arm-none-eabi/11.1.0/../../../../arm-none-eabi/lib/thumb\libg.a(lib_a-stdio.o)
                0x0000000002014f90                __seofread
 .text.__swrite
                0x0000000002014f94       0x4c c:/devkitpro/devkitarm/bin/../lib/gcc/arm-none-eabi/11.1.0/../../../../arm-none-eabi/lib/thumb\libg.a(lib_a-stdio.o)
                0x0000000002014f94                __swrite
 .text.__sseek  0x0000000002014fe0       0x40 c:/devkitpro/devkitarm/bin/../lib/gcc/arm-none-eabi/11.1.0/../../../../arm-none-eabi/lib/thumb\libg.a(lib_a-stdio.o)
                0x0000000002014fe0                __sseek
 .text.__sclose
                0x0000000002015020       0x10 c:/devkitpro/devkitarm/bin/../lib/gcc/arm-none-eabi/11.1.0/../../../../arm-none-eabi/lib/thumb\libg.a(lib_a-stdio.o)
                0x0000000002015020                __sclose
 .text.stpcpy   0x0000000002015030       0x50 c:/devkitpro/devkitarm/bin/../lib/gcc/arm-none-eabi/11.1.0/../../../../arm-none-eabi/lib/thumb\libg.a(lib_a-stpcpy.o)
                0x0000000002015030                stpcpy
 .text.strcasecmp
                0x0000000002015080       0x48 c:/devkitpro/devkitarm/bin/../lib/gcc/arm-none-eabi/11.1.0/../../../../arm-none-eabi/lib/thumb\libg.a(lib_a-strcasecmp.o)
                0x0000000002015080                strcasecmp
 .text.strchr   0x00000000020150c8       0xc8 c:/devkitpro/devkitarm/bin/../lib/gcc/arm-none-eabi/11.1.0/../../../../arm-none-eabi/lib/thumb\libg.a(lib_a-strchr.o)
                0x00000000020150c8                strchr
 .text.strcpy   0x0000000002015190       0x10 c:/devkitpro/devkitarm/bin/../lib/gcc/arm-none-eabi/11.1.0/../../../../arm-none-eabi/lib/thumb\libg.a(lib_a-strcpy.o)
                0x0000000002015190                strcpy
 .text.strdup   0x00000000020151a0       0x14 c:/devkitpro/devkitarm/bin/../lib/gcc/arm-none-eabi/11.1.0/../../../../arm-none-eabi/lib/thumb\libg.a(lib_a-strdup.o)
                0x00000000020151a0                strdup
 .text._strdup_r
                0x00000000020151b4       0x2c c:/devkitpro/devkitarm/bin/../lib/gcc/arm-none-eabi/11.1.0/../../../../arm-none-eabi/lib/thumb\libg.a(lib_a-strdup_r.o)
                0x00000000020151b4                _strdup_r
 .text.strlen   0x00000000020151e0       0x60 c:/devkitpro/devkitarm/bin/../lib/gcc/arm-none-eabi/11.1.0/../../../../arm-none-eabi/lib/thumb\libg.a(lib_a-strlen-stub.o)
                0x00000000020151e0                strlen
 .text.strncasecmp
                0x0000000002015240       0x54 c:/devkitpro/devkitarm/bin/../lib/gcc/arm-none-eabi/11.1.0/../../../../arm-none-eabi/lib/thumb\libg.a(lib_a-strncasecmp.o)
                0x0000000002015240                strncasecmp
 .text.strncmp  0x0000000002015294       0x78 c:/devkitpro/devkitarm/bin/../lib/gcc/arm-none-eabi/11.1.0/../../../../arm-none-eabi/lib/thumb\libg.a(lib_a-strncmp.o)
                0x0000000002015294                strncmp
 .text.strncpy  0x000000000201530c       0x74 c:/devkitpro/devkitarm/bin/../lib/gcc/arm-none-eabi/11.1.0/../../../../arm-none-eabi/lib/thumb\libg.a(lib_a-strncpy.o)
                0x000000000201530c                strncpy
 .text.strnlen  0x0000000002015380       0x28 c:/devkitpro/devkitarm/bin/../lib/gcc/arm-none-eabi/11.1.0/../../../../arm-none-eabi/lib/thumb\libg.a(lib_a-strnlen.o)
                0x0000000002015380                strnlen
 .text.strpbrk  0x00000000020153a8       0x3c c:/devkitpro/devkitarm/bin/../lib/gcc/arm-none-eabi/11.1.0/../../../../arm-none-eabi/lib/thumb\libg.a(lib_a-strpbrk.o)
                0x00000000020153a8                strpbrk
 .text.strrchr  0x00000000020153e4       0x2c c:/devkitpro/devkitarm/bin/../lib/gcc/arm-none-eabi/11.1.0/../../../../arm-none-eabi/lib/thumb\libg.a(lib_a-strrchr.o)
                0x00000000020153e4                strrchr
 .text._strtol_l.part.0
                0x0000000002015410      0x144 c:/devkitpro/devkitarm/bin/../lib/gcc/arm-none-eabi/11.1.0/../../../../arm-none-eabi/lib/thumb\libg.a(lib_a-strtol.o)
 .text._strtol_r
                0x0000000002015554       0x20 c:/devkitpro/devkitarm/bin/../lib/gcc/arm-none-eabi/11.1.0/../../../../arm-none-eabi/lib/thumb\libg.a(lib_a-strtol.o)
                0x0000000002015554                _strtol_r
 .text.get_arg  0x0000000002015574       0x32 c:/devkitpro/devkitarm/bin/../lib/gcc/arm-none-eabi/11.1.0/../../../../arm-none-eabi/lib/thumb\libg.a(lib_a-svfiscanf.o)
 .text._sungetc_r
                0x00000000020155a6       0x7e c:/devkitpro/devkitarm/bin/../lib/gcc/arm-none-eabi/11.1.0/../../../../arm-none-eabi/lib/thumb\libg.a(lib_a-svfiscanf.o)
                0x00000000020155a6                _sungetc_r
 .text.__ssrefill_r
                0x0000000002015624       0x42 c:/devkitpro/devkitarm/bin/../lib/gcc/arm-none-eabi/11.1.0/../../../../arm-none-eabi/lib/thumb\libg.a(lib_a-svfiscanf.o)
                0x0000000002015624                __ssrefill_r
 .text._sfread_r
                0x0000000002015666       0x88 c:/devkitpro/devkitarm/bin/../lib/gcc/arm-none-eabi/11.1.0/../../../../arm-none-eabi/lib/thumb\libg.a(lib_a-svfiscanf.o)
                0x0000000002015666                _sfread_r
 *fill*         0x00000000020156ee        0x2 ff
 .text.__ssvfiscanf_r
                0x00000000020156f0     0x1a04 c:/devkitpro/devkitarm/bin/../lib/gcc/arm-none-eabi/11.1.0/../../../../arm-none-eabi/lib/thumb\libg.a(lib_a-svfiscanf.o)
                0x00000000020156f0                __ssvfiscanf_r
 .text.get_arg  0x00000000020170f4      0x400 c:/devkitpro/devkitarm/bin/../lib/gcc/arm-none-eabi/11.1.0/../../../../arm-none-eabi/lib/thumb\libg.a(lib_a-svfprintf.o)
 .text._svfprintf_r
                0x00000000020174f4     0x22fc c:/devkitpro/devkitarm/bin/../lib/gcc/arm-none-eabi/11.1.0/../../../../arm-none-eabi/lib/thumb\libg.a(lib_a-svfprintf.o)
                0x00000000020174f4                _svfprintf_r
 .text.lseek    0x00000000020197f0       0x24 c:/devkitpro/devkitarm/bin/../lib/gcc/arm-none-eabi/11.1.0/../../../../arm-none-eabi/lib/thumb\libg.a(lib_a-syslseek.o)
                0x00000000020197f0                lseek
 .text.open     0x0000000002019814       0x28 c:/devkitpro/devkitarm/bin/../lib/gcc/arm-none-eabi/11.1.0/../../../../arm-none-eabi/lib/thumb\libg.a(lib_a-sysopen.o)
                0x0000000002019814                open
 .text.read     0x000000000201983c       0x1c c:/devkitpro/devkitarm/bin/../lib/gcc/arm-none-eabi/11.1.0/../../../../arm-none-eabi/lib/thumb\libg.a(lib_a-sysread.o)
                0x000000000201983c                read
 .text.time     0x0000000002019858       0x34 c:/devkitpro/devkitarm/bin/../lib/gcc/arm-none-eabi/11.1.0/../../../../arm-none-eabi/lib/thumb\libg.a(lib_a-time.o)
                0x0000000002019858                time
 .text.towlower
                0x000000000201988c       0x10 c:/devkitpro/devkitarm/bin/../lib/gcc/arm-none-eabi/11.1.0/../../../../arm-none-eabi/lib/thumb\libg.a(lib_a-towlower.o)
                0x000000000201988c                towlower
 .text.towupper
                0x000000000201989c       0x10 c:/devkitpro/devkitarm/bin/../lib/gcc/arm-none-eabi/11.1.0/../../../../arm-none-eabi/lib/thumb\libg.a(lib_a-towupper.o)
                0x000000000201989c                towupper
 .text.__tzcalc_limits
                0x00000000020198ac      0x1b4 c:/devkitpro/devkitarm/bin/../lib/gcc/arm-none-eabi/11.1.0/../../../../arm-none-eabi/lib/thumb\libg.a(lib_a-tzcalc_limits.o)
                0x00000000020198ac                __tzcalc_limits
 .text.__tz_lock
                0x0000000002019a60       0x14 c:/devkitpro/devkitarm/bin/../lib/gcc/arm-none-eabi/11.1.0/../../../../arm-none-eabi/lib/thumb\libg.a(lib_a-tzlock.o)
                0x0000000002019a60                __tz_lock
 .text.__tz_unlock
                0x0000000002019a74       0x14 c:/devkitpro/devkitarm/bin/../lib/gcc/arm-none-eabi/11.1.0/../../../../arm-none-eabi/lib/thumb\libg.a(lib_a-tzlock.o)
                0x0000000002019a74                __tz_unlock
 .text._tzset_unlocked
                0x0000000002019a88       0x10 c:/devkitpro/devkitarm/bin/../lib/gcc/arm-none-eabi/11.1.0/../../../../arm-none-eabi/lib/thumb\libg.a(lib_a-tzset.o)
                0x0000000002019a88                _tzset_unlocked
 .text._tzset_unlocked_r
                0x0000000002019a98      0x370 c:/devkitpro/devkitarm/bin/../lib/gcc/arm-none-eabi/11.1.0/../../../../arm-none-eabi/lib/thumb\libg.a(lib_a-tzset_r.o)
                0x0000000002019a98                _tzset_unlocked_r
 .text.__submore
                0x0000000002019e08       0x88 c:/devkitpro/devkitarm/bin/../lib/gcc/arm-none-eabi/11.1.0/../../../../arm-none-eabi/lib/thumb\libg.a(lib_a-ungetc.o)
                0x0000000002019e08                __submore
 .text.get_arg  0x0000000002019e90      0x400 c:/devkitpro/devkitarm/bin/../lib/gcc/arm-none-eabi/11.1.0/../../../../arm-none-eabi/lib/thumb\libg.a(lib_a-vfiprintf.o)
 .text.__sprint_r
                0x000000000201a290       0x24 c:/devkitpro/devkitarm/bin/../lib/gcc/arm-none-eabi/11.1.0/../../../../arm-none-eabi/lib/thumb\libg.a(lib_a-vfiprintf.o)
                0x000000000201a290                __sprint_r
 .text._vfiprintf_r
                0x000000000201a2b4     0x1710 c:/devkitpro/devkitarm/bin/../lib/gcc/arm-none-eabi/11.1.0/../../../../arm-none-eabi/lib/thumb\libg.a(lib_a-vfiprintf.o)
                0x000000000201a2b4                _vfiprintf_r
 .text.__sbprintf
                0x000000000201b9c4       0x8c c:/devkitpro/devkitarm/bin/../lib/gcc/arm-none-eabi/11.1.0/../../../../arm-none-eabi/lib/thumb\libg.a(lib_a-vfiprintf.o)
 .text.get_arg  0x000000000201ba50      0x400 c:/devkitpro/devkitarm/bin/../lib/gcc/arm-none-eabi/11.1.0/../../../../arm-none-eabi/lib/thumb\libg.a(lib_a-vfprintf.o)
 .text._vfprintf_r
                0x000000000201be50     0x2384 c:/devkitpro/devkitarm/bin/../lib/gcc/arm-none-eabi/11.1.0/../../../../arm-none-eabi/lib/thumb\libg.a(lib_a-vfprintf.o)
                0x000000000201be50                _vfprintf_r
 .text.__sbprintf
                0x000000000201e1d4       0x8c c:/devkitpro/devkitarm/bin/../lib/gcc/arm-none-eabi/11.1.0/../../../../arm-none-eabi/lib/thumb\libg.a(lib_a-vfprintf.o)
 .text._wcrtomb_r
                0x000000000201e260       0x5c c:/devkitpro/devkitarm/bin/../lib/gcc/arm-none-eabi/11.1.0/../../../../arm-none-eabi/lib/thumb\libg.a(lib_a-wcrtomb.o)
                0x000000000201e260                _wcrtomb_r
 .text.wcrtomb  0x000000000201e2bc       0x74 c:/devkitpro/devkitarm/bin/../lib/gcc/arm-none-eabi/11.1.0/../../../../arm-none-eabi/lib/thumb\libg.a(lib_a-wcrtomb.o)
                0x000000000201e2bc                wcrtomb
 .text._wcsrtombs_r
                0x000000000201e330       0x1c c:/devkitpro/devkitarm/bin/../lib/gcc/arm-none-eabi/11.1.0/../../../../arm-none-eabi/lib/thumb\libg.a(lib_a-wcsrtombs.o)
                0x000000000201e330                _wcsrtombs_r
 .text.wctob    0x000000000201e34c       0x48 c:/devkitpro/devkitarm/bin/../lib/gcc/arm-none-eabi/11.1.0/../../../../arm-none-eabi/lib/thumb\libg.a(lib_a-wctob.o)
                0x000000000201e34c                wctob
 .text.__utf8_wctomb
                0x000000000201e394       0xb4 c:/devkitpro/devkitarm/bin/../lib/gcc/arm-none-eabi/11.1.0/../../../../arm-none-eabi/lib/thumb\libg.a(lib_a-wctomb_r.o)
                0x000000000201e394                __utf8_wctomb
 .text.__swsetup_r
                0x000000000201e448       0xe4 c:/devkitpro/devkitarm/bin/../lib/gcc/arm-none-eabi/11.1.0/../../../../arm-none-eabi/lib/thumb\libg.a(lib_a-wsetup.o)
                0x000000000201e448                __swsetup_r
 .text.div      0x000000000201e52c       0x34 c:/devkitpro/devkitarm/bin/../lib/gcc/arm-none-eabi/11.1.0/../../../../arm-none-eabi/lib/thumb\libg.a(lib_a-div.o)
                0x000000000201e52c                div
 .text.quorem   0x000000000201e560      0x148 c:/devkitpro/devkitarm/bin/../lib/gcc/arm-none-eabi/11.1.0/../../../../arm-none-eabi/lib/thumb\libg.a(lib_a-dtoa.o)
 .text._dtoa_r  0x000000000201e6a8      0xfc4 c:/devkitpro/devkitarm/bin/../lib/gcc/arm-none-eabi/11.1.0/../../../../arm-none-eabi/lib/thumb\libg.a(lib_a-dtoa.o)
                0x000000000201e6a8                _dtoa_r
 .text.__sflags
                0x000000000201f66c       0xa4 c:/devkitpro/devkitarm/bin/../lib/gcc/arm-none-eabi/11.1.0/../../../../arm-none-eabi/lib/thumb\libg.a(lib_a-flags.o)
                0x000000000201f66c                __sflags
 .text.__sfvwrite_r
                0x000000000201f710      0x34c c:/devkitpro/devkitarm/bin/../lib/gcc/arm-none-eabi/11.1.0/../../../../arm-none-eabi/lib/thumb\libg.a(lib_a-fvwrite.o)
                0x000000000201f710                __sfvwrite_r
 .text._findenv_r
                0x000000000201fa5c       0x94 c:/devkitpro/devkitarm/bin/../lib/gcc/arm-none-eabi/11.1.0/../../../../arm-none-eabi/lib/thumb\libg.a(lib_a-getenv_r.o)
                0x000000000201fa5c                _findenv_r
 .text._getenv_r
                0x000000000201faf0       0x10 c:/devkitpro/devkitarm/bin/../lib/gcc/arm-none-eabi/11.1.0/../../../../arm-none-eabi/lib/thumb\libg.a(lib_a-getenv_r.o)
                0x000000000201faf0                _getenv_r
 .text.__gettzinfo
                0x000000000201fb00        0x8 c:/devkitpro/devkitarm/bin/../lib/gcc/arm-none-eabi/11.1.0/../../../../arm-none-eabi/lib/thumb\libg.a(lib_a-gettzinfo.o)
                0x000000000201fb00                __gettzinfo
 .text.gmtime_r
                0x000000000201fb08      0x1c8 c:/devkitpro/devkitarm/bin/../lib/gcc/arm-none-eabi/11.1.0/../../../../arm-none-eabi/lib/thumb\libg.a(lib_a-gmtime_r.o)
                0x000000000201fb08                gmtime_r
 .text.iswspace
                0x000000000201fcd0       0x10 c:/devkitpro/devkitarm/bin/../lib/gcc/arm-none-eabi/11.1.0/../../../../arm-none-eabi/lib/thumb\libg.a(lib_a-iswspace.o)
                0x000000000201fcd0                iswspace
 .text._localeconv_r
                0x000000000201fce0        0x8 c:/devkitpro/devkitarm/bin/../lib/gcc/arm-none-eabi/11.1.0/../../../../arm-none-eabi/lib/thumb\libg.a(lib_a-localeconv.o)
                0x000000000201fce0                _localeconv_r
 .text._mbsnrtowcs_r
                0x000000000201fce8       0xbc c:/devkitpro/devkitarm/bin/../lib/gcc/arm-none-eabi/11.1.0/../../../../arm-none-eabi/lib/thumb\libg.a(lib_a-mbsnrtowcs.o)
                0x000000000201fce8                _mbsnrtowcs_r
 .text.memchr   0x000000000201fda4       0x78 c:/devkitpro/devkitarm/bin/../lib/gcc/arm-none-eabi/11.1.0/../../../../arm-none-eabi/lib/thumb\libg.a(lib_a-memchr-stub.o)
                0x000000000201fda4                memchr
 .text._Balloc  0x000000000201fe1c       0x54 c:/devkitpro/devkitarm/bin/../lib/gcc/arm-none-eabi/11.1.0/../../../../arm-none-eabi/lib/thumb\libg.a(lib_a-mprec.o)
                0x000000000201fe1c                _Balloc
 .text._Bfree   0x000000000201fe70       0x14 c:/devkitpro/devkitarm/bin/../lib/gcc/arm-none-eabi/11.1.0/../../../../arm-none-eabi/lib/thumb\libg.a(lib_a-mprec.o)
                0x000000000201fe70                _Bfree
 .text.__multadd
                0x000000000201fe84       0xac c:/devkitpro/devkitarm/bin/../lib/gcc/arm-none-eabi/11.1.0/../../../../arm-none-eabi/lib/thumb\libg.a(lib_a-mprec.o)
                0x000000000201fe84                __multadd
 .text.__hi0bits
                0x000000000201ff30       0x38 c:/devkitpro/devkitarm/bin/../lib/gcc/arm-none-eabi/11.1.0/../../../../arm-none-eabi/lib/thumb\libg.a(lib_a-mprec.o)
                0x000000000201ff30                __hi0bits
 .text.__lo0bits
                0x000000000201ff68       0x5c c:/devkitpro/devkitarm/bin/../lib/gcc/arm-none-eabi/11.1.0/../../../../arm-none-eabi/lib/thumb\libg.a(lib_a-mprec.o)
                0x000000000201ff68                __lo0bits
 .text.__i2b    0x000000000201ffc4       0x64 c:/devkitpro/devkitarm/bin/../lib/gcc/arm-none-eabi/11.1.0/../../../../arm-none-eabi/lib/thumb\libg.a(lib_a-mprec.o)
                0x000000000201ffc4                __i2b
 .text.__multiply
                0x0000000002020028      0x1a8 c:/devkitpro/devkitarm/bin/../lib/gcc/arm-none-eabi/11.1.0/../../../../arm-none-eabi/lib/thumb\libg.a(lib_a-mprec.o)
                0x0000000002020028                __multiply
 .text.__pow5mult
                0x00000000020201d0       0xd8 c:/devkitpro/devkitarm/bin/../lib/gcc/arm-none-eabi/11.1.0/../../../../arm-none-eabi/lib/thumb\libg.a(lib_a-mprec.o)
                0x00000000020201d0                __pow5mult
 .text.__lshift
                0x00000000020202a8      0x104 c:/devkitpro/devkitarm/bin/../lib/gcc/arm-none-eabi/11.1.0/../../../../arm-none-eabi/lib/thumb\libg.a(lib_a-mprec.o)
                0x00000000020202a8                __lshift
 .text.__mcmp   0x00000000020203ac       0x38 c:/devkitpro/devkitarm/bin/../lib/gcc/arm-none-eabi/11.1.0/../../../../arm-none-eabi/lib/thumb\libg.a(lib_a-mprec.o)
                0x00000000020203ac                __mcmp
 .text.__mdiff  0x00000000020203e4      0x198 c:/devkitpro/devkitarm/bin/../lib/gcc/arm-none-eabi/11.1.0/../../../../arm-none-eabi/lib/thumb\libg.a(lib_a-mprec.o)
                0x00000000020203e4                __mdiff
 .text.__d2b    0x000000000202057c       0xd0 c:/devkitpro/devkitarm/bin/../lib/gcc/arm-none-eabi/11.1.0/../../../../arm-none-eabi/lib/thumb\libg.a(lib_a-mprec.o)
                0x000000000202057c                __d2b
 .text.__sccl   0x000000000202064c       0x90 c:/devkitpro/devkitarm/bin/../lib/gcc/arm-none-eabi/11.1.0/../../../../arm-none-eabi/lib/thumb\libg.a(lib_a-sccl.o)
                0x000000000202064c                __sccl
 .text.frexp    0x00000000020206dc       0x68 c:/devkitpro/devkitarm/bin/../lib/gcc/arm-none-eabi/11.1.0/../../../../arm-none-eabi/lib/thumb\libg.a(lib_a-s_frexp.o)
                0x00000000020206dc                frexp
 .text._strtoll_l.constprop.0
                0x0000000002020744      0x1a4 c:/devkitpro/devkitarm/bin/../lib/gcc/arm-none-eabi/11.1.0/../../../../arm-none-eabi/lib/thumb\libg.a(lib_a-strtoll.o)
 .text._strtoll_r
                0x00000000020208e8        0xc c:/devkitpro/devkitarm/bin/../lib/gcc/arm-none-eabi/11.1.0/../../../../arm-none-eabi/lib/thumb\libg.a(lib_a-strtoll.o)
                0x00000000020208e8                _strtoll_r
 .text._strtoull_l.constprop.0
                0x00000000020208f4      0x1c0 c:/devkitpro/devkitarm/bin/../lib/gcc/arm-none-eabi/11.1.0/../../../../arm-none-eabi/lib/thumb\libg.a(lib_a-strtoull.o)
 .text._strtoull_r
                0x0000000002020ab4        0xc c:/devkitpro/devkitarm/bin/../lib/gcc/arm-none-eabi/11.1.0/../../../../arm-none-eabi/lib/thumb\libg.a(lib_a-strtoull.o)
                0x0000000002020ab4                _strtoull_r
 .text._strtoul_l.constprop.0
                0x0000000002020ac0      0x148 c:/devkitpro/devkitarm/bin/../lib/gcc/arm-none-eabi/11.1.0/../../../../arm-none-eabi/lib/thumb\libg.a(lib_a-strtoul.o)
 .text._strtoul_r
                0x0000000002020c08        0xc c:/devkitpro/devkitarm/bin/../lib/gcc/arm-none-eabi/11.1.0/../../../../arm-none-eabi/lib/thumb\libg.a(lib_a-strtoul.o)
                0x0000000002020c08                _strtoul_r
 .text.strtoul  0x0000000002020c14       0x1c c:/devkitpro/devkitarm/bin/../lib/gcc/arm-none-eabi/11.1.0/../../../../arm-none-eabi/lib/thumb\libg.a(lib_a-strtoul.o)
                0x0000000002020c14                strtoul
 .text.__ssprint_r
                0x0000000002020c30      0x124 c:/devkitpro/devkitarm/bin/../lib/gcc/arm-none-eabi/11.1.0/../../../../arm-none-eabi/lib/thumb\libg.a(lib_a-svfiprintf.o)
                0x0000000002020c30                __ssprint_r
 .text.towctrans
                0x0000000002020d54       0x28 c:/devkitpro/devkitarm/bin/../lib/gcc/arm-none-eabi/11.1.0/../../../../arm-none-eabi/lib/thumb\libg.a(lib_a-towctrans.o)
                0x0000000002020d54                towctrans
 .text._wcsnrtombs_l
                0x0000000002020d7c      0x110 c:/devkitpro/devkitarm/bin/../lib/gcc/arm-none-eabi/11.1.0/../../../../arm-none-eabi/lib/thumb\libg.a(lib_a-wcsnrtombs.o)
                0x0000000002020d7c                _wcsnrtombs_l
 .text._wcsnrtombs_r
                0x0000000002020e8c       0x30 c:/devkitpro/devkitarm/bin/../lib/gcc/arm-none-eabi/11.1.0/../../../../arm-none-eabi/lib/thumb\libg.a(lib_a-wcsnrtombs.o)
                0x0000000002020e8c                _wcsnrtombs_r
 .text.__assert_func
                0x0000000002020ebc       0x40 c:/devkitpro/devkitarm/bin/../lib/gcc/arm-none-eabi/11.1.0/../../../../arm-none-eabi/lib/thumb\libg.a(lib_a-assert.o)
                0x0000000002020ebc                __assert_func
 .text.__env_lock
                0x0000000002020efc       0x14 c:/devkitpro/devkitarm/bin/../lib/gcc/arm-none-eabi/11.1.0/../../../../arm-none-eabi/lib/thumb\libg.a(lib_a-envlock.o)
                0x0000000002020efc                __env_lock
 .text.__env_unlock
                0x0000000002020f10       0x14 c:/devkitpro/devkitarm/bin/../lib/gcc/arm-none-eabi/11.1.0/../../../../arm-none-eabi/lib/thumb\libg.a(lib_a-envlock.o)
                0x0000000002020f10                __env_unlock
 .text.fiprintf
                0x0000000002020f24       0x28 c:/devkitpro/devkitarm/bin/../lib/gcc/arm-none-eabi/11.1.0/../../../../arm-none-eabi/lib/thumb\libg.a(lib_a-fiprintf.o)
                0x0000000002020f24                fiprintf
 .text.iswspace_l
                0x0000000002020f4c       0x2c c:/devkitpro/devkitarm/bin/../lib/gcc/arm-none-eabi/11.1.0/../../../../arm-none-eabi/lib/thumb\libg.a(lib_a-iswspace_l.o)
                0x0000000002020f4c                iswspace_l
 .text.__jp2uc  0x0000000002020f78      0x154 c:/devkitpro/devkitarm/bin/../lib/gcc/arm-none-eabi/11.1.0/../../../../arm-none-eabi/lib/thumb\libg.a(lib_a-jp2uc.o)
 .text._jp2uc_l
                0x00000000020210cc       0x6c c:/devkitpro/devkitarm/bin/../lib/gcc/arm-none-eabi/11.1.0/../../../../arm-none-eabi/lib/thumb\libg.a(lib_a-jp2uc.o)
                0x00000000020210cc                _jp2uc_l
 .text._uc2jp_l
                0x0000000002021138       0x4c c:/devkitpro/devkitarm/bin/../lib/gcc/arm-none-eabi/11.1.0/../../../../arm-none-eabi/lib/thumb\libg.a(lib_a-jp2uc.o)
                0x0000000002021138                _uc2jp_l
 .text.towctrans_l
                0x0000000002021184      0x1b4 c:/devkitpro/devkitarm/bin/../lib/gcc/arm-none-eabi/11.1.0/../../../../arm-none-eabi/lib/thumb\libg.a(lib_a-towctrans_l.o)
                0x0000000002021184                towctrans_l
 .text.abort    0x0000000002021338       0x10 c:/devkitpro/devkitarm/bin/../lib/gcc/arm-none-eabi/11.1.0/../../../../arm-none-eabi/lib/thumb\libg.a(lib_a-abort.o)
                0x0000000002021338                abort
 .text.category
                0x0000000002021348       0x54 c:/devkitpro/devkitarm/bin/../lib/gcc/arm-none-eabi/11.1.0/../../../../arm-none-eabi/lib/thumb\libg.a(lib_a-categories.o)
                0x0000000002021348                category
 .text._raise_r
                0x000000000202139c       0x64 c:/devkitpro/devkitarm/bin/../lib/gcc/arm-none-eabi/11.1.0/../../../../arm-none-eabi/lib/thumb\libg.a(lib_a-signal.o)
                0x000000000202139c                _raise_r
 .text.raise    0x0000000002021400       0x14 c:/devkitpro/devkitarm/bin/../lib/gcc/arm-none-eabi/11.1.0/../../../../arm-none-eabi/lib/thumb\libg.a(lib_a-signal.o)
                0x0000000002021400                raise
 .text.null_write
                0x0000000002021414        0x4 c:/devkitpro/devkitarm/bin/../lib/gcc/arm-none-eabi/11.1.0/../../../../arm-none-eabi/lib/thumb\libsysbase.a(iosupport.o)
 .text.setDefaultDevice
                0x0000000002021418       0x10 c:/devkitpro/devkitarm/bin/../lib/gcc/arm-none-eabi/11.1.0/../../../../arm-none-eabi/lib/thumb\libsysbase.a(iosupport.o)
                0x0000000002021418                setDefaultDevice
 .text.FindDevice
                0x0000000002021428       0x98 c:/devkitpro/devkitarm/bin/../lib/gcc/arm-none-eabi/11.1.0/../../../../arm-none-eabi/lib/thumb\libsysbase.a(iosupport.o)
                0x0000000002021428                FindDevice
 .text.AddDevice
                0x00000000020214c0       0x78 c:/devkitpro/devkitarm/bin/../lib/gcc/arm-none-eabi/11.1.0/../../../../arm-none-eabi/lib/thumb\libsysbase.a(iosupport.o)
                0x00000000020214c0                AddDevice
 .text.GetDeviceOpTab
                0x0000000002021538       0x20 c:/devkitpro/devkitarm/bin/../lib/gcc/arm-none-eabi/11.1.0/../../../../arm-none-eabi/lib/thumb\libsysbase.a(iosupport.o)
                0x0000000002021538                GetDeviceOpTab
 .text._fstat_r
                0x0000000002021558       0x4c c:/devkitpro/devkitarm/bin/../lib/gcc/arm-none-eabi/11.1.0/../../../../arm-none-eabi/lib/thumb\libsysbase.a(fstat.o)
                0x0000000002021558                _fstat_r
 .text._getpid_r
                0x00000000020215a4        0xc c:/devkitpro/devkitarm/bin/../lib/gcc/arm-none-eabi/11.1.0/../../../../arm-none-eabi/lib/thumb\libsysbase.a(getpid.o)
                0x00000000020215a4                _getpid_r
 .text._gettimeofday_r
                0x00000000020215b0       0x28 c:/devkitpro/devkitarm/bin/../lib/gcc/arm-none-eabi/11.1.0/../../../../arm-none-eabi/lib/thumb\libsysbase.a(gettod.o)
                0x00000000020215b0                _gettimeofday_r
 .text._isatty_r
                0x00000000020215d8        0x4 c:/devkitpro/devkitarm/bin/../lib/gcc/arm-none-eabi/11.1.0/../../../../arm-none-eabi/lib/thumb\libsysbase.a(isatty.o)
                0x00000000020215d8                _isatty_r
 .text._kill_r  0x00000000020215dc        0xc c:/devkitpro/devkitarm/bin/../lib/gcc/arm-none-eabi/11.1.0/../../../../arm-none-eabi/lib/thumb\libsysbase.a(kill.o)
                0x00000000020215dc                _kill_r
 .text._lseek_r
                0x00000000020215e8       0x5c c:/devkitpro/devkitarm/bin/../lib/gcc/arm-none-eabi/11.1.0/../../../../arm-none-eabi/lib/thumb\libsysbase.a(lseek.o)
                0x00000000020215e8                _lseek_r
 .text._open_r  0x0000000002021644       0x9c c:/devkitpro/devkitarm/bin/../lib/gcc/arm-none-eabi/11.1.0/../../../../arm-none-eabi/lib/thumb\libsysbase.a(open.o)
                0x0000000002021644                _open_r
 .text._read_r  0x00000000020216e0       0x50 c:/devkitpro/devkitarm/bin/../lib/gcc/arm-none-eabi/11.1.0/../../../../arm-none-eabi/lib/thumb\libsysbase.a(read.o)
                0x00000000020216e0                _read_r
 .text._sbrk_r  0x0000000002021730       0x54 c:/devkitpro/devkitarm/bin/../lib/gcc/arm-none-eabi/11.1.0/../../../../arm-none-eabi/lib/thumb\libsysbase.a(sbrk.o)
                0x0000000002021730                _sbrk_r
 .text.sleep    0x0000000002021784       0x38 c:/devkitpro/devkitarm/bin/../lib/gcc/arm-none-eabi/11.1.0/../../../../arm-none-eabi/lib/thumb\libsysbase.a(sleep.o)
                0x0000000002021784                sleep
 .text._write_r
                0x00000000020217bc       0x50 c:/devkitpro/devkitarm/bin/../lib/gcc/arm-none-eabi/11.1.0/../../../../arm-none-eabi/lib/thumb\libsysbase.a(write.o)
                0x00000000020217bc                _write_r
 .text._exit    0x000000000202180c       0x18 c:/devkitpro/devkitarm/bin/../lib/gcc/arm-none-eabi/11.1.0/../../../../arm-none-eabi/lib/thumb\libsysbase.a(_exit.o)
                0x000000000202180c                _exit
 .text._concatenate_path
                0x0000000002021824      0x128 c:/devkitpro/devkitarm/bin/../lib/gcc/arm-none-eabi/11.1.0/../../../../arm-none-eabi/lib/thumb\libsysbase.a(chdir.o)
                0x0000000002021824                _concatenate_path
 .text.chdir    0x000000000202194c       0xf0 c:/devkitpro/devkitarm/bin/../lib/gcc/arm-none-eabi/11.1.0/../../../../arm-none-eabi/lib/thumb\libsysbase.a(chdir.o)
                0x000000000202194c                chdir
 .text.getcwd   0x0000000002021a3c       0x60 c:/devkitpro/devkitarm/bin/../lib/gcc/arm-none-eabi/11.1.0/../../../../arm-none-eabi/lib/thumb\libsysbase.a(chdir.o)
                0x0000000002021a3c                getcwd
 .text.build_argv
                0x0000000002021a9c       0x4c c:/devkitpro/devkitarm/bin/../lib/gcc/arm-none-eabi/11.1.0/../../../../arm-none-eabi/lib/thumb\libsysbase.a(build_argv.o)
                0x0000000002021a9c                build_argv
 .text.__flockfile
                0x0000000002021ae8       0x10 c:/devkitpro/devkitarm/bin/../lib/gcc/arm-none-eabi/11.1.0/../../../../arm-none-eabi/lib/thumb\libsysbase.a(flock.o)
                0x0000000002021ae8                __flockfile
 .text.__funlockfile
                0x0000000002021af8       0x10 c:/devkitpro/devkitarm/bin/../lib/gcc/arm-none-eabi/11.1.0/../../../../arm-none-eabi/lib/thumb\libsysbase.a(flock.o)
                0x0000000002021af8                __funlockfile
 .text.__libc_lock_acquire
                0x0000000002021b08       0x1c c:/devkitpro/devkitarm/bin/../lib/gcc/arm-none-eabi/11.1.0/../../../../arm-none-eabi/lib/thumb\libsysbase.a(syscall_support.o)
                0x0000000002021b08                __libc_lock_acquire
 .text.__libc_lock_release
                0x0000000002021b24       0x1c c:/devkitpro/devkitarm/bin/../lib/gcc/arm-none-eabi/11.1.0/../../../../arm-none-eabi/lib/thumb\libsysbase.a(syscall_support.o)
                0x0000000002021b24                __libc_lock_release
 .text.__libc_lock_init_recursive
                0x0000000002021b40       0x1c c:/devkitpro/devkitarm/bin/../lib/gcc/arm-none-eabi/11.1.0/../../../../arm-none-eabi/lib/thumb\libsysbase.a(syscall_support.o)
                0x0000000002021b40                __libc_lock_init_recursive
 .text.__libc_lock_acquire_recursive
                0x0000000002021b5c       0x1c c:/devkitpro/devkitarm/bin/../lib/gcc/arm-none-eabi/11.1.0/../../../../arm-none-eabi/lib/thumb\libsysbase.a(syscall_support.o)
                0x0000000002021b5c                __libc_lock_acquire_recursive
 .text.__libc_lock_release_recursive
                0x0000000002021b78       0x1c c:/devkitpro/devkitarm/bin/../lib/gcc/arm-none-eabi/11.1.0/../../../../arm-none-eabi/lib/thumb\libsysbase.a(syscall_support.o)
                0x0000000002021b78                __libc_lock_release_recursive
 .text.__libc_lock_close_recursive
                0x0000000002021b94       0x1c c:/devkitpro/devkitarm/bin/../lib/gcc/arm-none-eabi/11.1.0/../../../../arm-none-eabi/lib/thumb\libsysbase.a(syscall_support.o)
                0x0000000002021b94                __libc_lock_close_recursive
 .text.__release_handle
                0x0000000002021bb0       0x68 c:/devkitpro/devkitarm/bin/../lib/gcc/arm-none-eabi/11.1.0/../../../../arm-none-eabi/lib/thumb\libsysbase.a(handle_manager.o)
                0x0000000002021bb0                __release_handle
 .text.__alloc_handle
                0x0000000002021c18       0x80 c:/devkitpro/devkitarm/bin/../lib/gcc/arm-none-eabi/11.1.0/../../../../arm-none-eabi/lib/thumb\libsysbase.a(handle_manager.o)
                0x0000000002021c18                __alloc_handle
 .text.__get_handle
                0x0000000002021c98       0x34 c:/devkitpro/devkitarm/bin/../lib/gcc/arm-none-eabi/11.1.0/../../../../arm-none-eabi/lib/thumb\libsysbase.a(handle_manager.o)
                0x0000000002021c98                __get_handle
 .text._close_r
                0x0000000002021ccc       0xb8 c:/devkitpro/devkitarm/bin/../lib/gcc/arm-none-eabi/11.1.0/../../../../arm-none-eabi/lib/thumb\libsysbase.a(handle_manager.o)
                0x0000000002021ccc                _close_r
 .text.__getreent
                0x0000000002021d84       0x28 c:/devkitpro/devkitarm/bin/../lib/gcc/arm-none-eabi/11.1.0/../../../../arm-none-eabi/lib/thumb\libsysbase.a(getreent.o)
                0x0000000002021d84                __getreent
 .text.nanosleep
                0x0000000002021dac       0x38 c:/devkitpro/devkitarm/bin/../lib/gcc/arm-none-eabi/11.1.0/../../../../arm-none-eabi/lib/thumb\libsysbase.a(nanosleep.o)
                0x0000000002021dac                nanosleep
 *fill*         0x0000000002021de4        0x4 ff
 .text.nanosleep.__stub
                0x0000000002021de8      0x150 linker stubs
 *(EXCLUDE_FILE(*.twl*) .gnu.warning)
 *(EXCLUDE_FILE(*.twl*) .gnu.linkonce.t*)
 *(.glue_7)
 .glue_7        0x0000000002021f48        0x0 linker stubs
 *(.glue_7t)
 .glue_7t       0x0000000002021f48        0x0 linker stubs
                0x0000000002021f48                . = ALIGN (0x4)

.vfp11_veneer   0x0000000002021f48        0x0
 .vfp11_veneer  0x0000000002021f48        0x0 linker stubs

.v4_bx          0x0000000002021f48        0x0
 .v4_bx         0x0000000002021f48        0x0 linker stubs

.iplt           0x0000000002021f48        0x0
 .iplt          0x0000000002021f48        0x0 c:/devkitpro/devkitarm/bin/../lib/gcc/arm-none-eabi/11.1.0/../../../../arm-none-eabi/lib/thumb/ds_arm9_crt0.o

.fini           0x0000000002021f48        0xc
 *(.fini)
 .fini          0x0000000002021f48        0x4 c:/devkitpro/devkitarm/bin/../lib/gcc/arm-none-eabi/11.1.0/thumb/crti.o
                0x0000000002021f48                _fini
 .fini          0x0000000002021f4c        0x8 c:/devkitpro/devkitarm/bin/../lib/gcc/arm-none-eabi/11.1.0/thumb/crtn.o
                0x0000000002021f54                __text_end = .

.rodata         0x0000000002021f60     0x9a20
 *(EXCLUDE_FILE(*.twl*) .rodata)
 .rodata        0x0000000002021f60       0x50 C:/Users/ana_c/Desktop/bg/nflib/lib\libnflib.a(nf_basic.o)
 *all.rodata*(*)
 *(EXCLUDE_FILE(*.twl*) .roda)
 *(EXCLUDE_FILE(*.twl*) .rodata.*)
 .rodata.str1.4
                0x0000000002021fb0       0x81 intro.o
 .rodata.str1.4
                0x0000000002022031       0x21 main.o
 *fill*         0x0000000002022031        0x3 ff
 .rodata.str1.4
                0x0000000002022034       0x33 mini.o
                                         0x6f (size before relaxing)
 *fill*         0x0000000002022067        0x1 ff
 .rodata.str1.4
                0x0000000002022068       0x27 C:/Users/ana_c/Desktop/bg/nflib/lib\libnflib.a(nf_2d.o)
                                         0x28 (size before relaxing)
 *fill*         0x000000000202208f        0x1 ff
 .rodata.str1.4
                0x0000000002022090      0x613 C:/Users/ana_c/Desktop/bg/nflib/lib\libnflib.a(nf_basic.o)
                                        0x628 (size before relaxing)
 *fill*         0x00000000020226a3        0x1 ff
 .rodata.str1.4
                0x00000000020226a4       0x26 C:/Users/ana_c/Desktop/bg/nflib/lib\libnflib.a(nf_sound.o)
                                         0x28 (size before relaxing)
 *fill*         0x00000000020226ca        0x2 ff
 .rodata.str1.4
                0x00000000020226cc       0x6c C:/Users/ana_c/Desktop/bg/nflib/lib\libnflib.a(nf_sprite256.o)
                                         0x7c (size before relaxing)
 .rodata.str1.4
                0x0000000002022738       0x15 C:/Users/ana_c/Desktop/bg/nflib/lib\libnflib.a(nf_text.o)
                                         0x28 (size before relaxing)
 *fill*         0x000000000202274d        0x3 ff
 .rodata.str1.4
                0x0000000002022750       0x40 C:/Users/ana_c/Desktop/bg/nflib/lib\libnflib.a(nf_tiledbg.o)
                                         0x6c (size before relaxing)
 .rodata.nitroFSInit.str1.4
                0x0000000002022790        0x8 C:/devkitPro/libnds/lib\libfilesystem.a(nitrofs.o)
 .rodata.str1.4
                0x0000000002022790        0xa C:/devkitPro/libnds/lib\libfilesystem.a(nitrofs.o)
                                          0xe (size before relaxing)
 *fill*         0x000000000202279a        0x2 ff
 .rodata.fatMount.part.0.str1.4
                0x000000000202279c        0x2 C:/devkitPro/libnds/lib\libfat.a(libfat.o)
 *fill*         0x000000000202279e        0x2 ff
 .rodata.fatInit.str1.4
                0x00000000020227a0        0x3 C:/devkitPro/libnds/lib\libfat.a(libfat.o)
 *fill*         0x00000000020227a3        0x1 ff
 .rodata.str1.4
                0x00000000020227a4        0x4 C:/devkitPro/libnds/lib\libfat.a(libfat.o)
 .rodata.dotab_fat
                0x00000000020227a8       0x70 C:/devkitPro/libnds/lib\libfat.a(libfat.o)
 .rodata.str1.4
                0x0000000002022818        0x3 C:/devkitPro/libnds/lib\libfat.a(disc.o)
                                          0x8 (size before relaxing)
 *fill*         0x000000000202281b        0x1 ff
 .rodata._FAT_disc_interfaces
                0x000000000202281c       0x18 C:/devkitPro/libnds/lib\libfat.a(disc.o)
                0x000000000202281c                _FAT_disc_interfaces
 .rodata._FAT_directory_entryFromPath.str1.4
                0x0000000002022834        0x7 C:/devkitPro/libnds/lib\libfat.a(directory.o)
 .rodata.ILLEGAL_ALIAS_CHARACTERS
                0x0000000002022834       0x12 C:/devkitPro/libnds/lib\libfat.a(directory.o)
 *fill*         0x0000000002022846        0x2 ff
 .rodata.ILLEGAL_LFN_CHARACTERS
                0x0000000002022848        0xa C:/devkitPro/libnds/lib\libfat.a(directory.o)
 *fill*         0x0000000002022852        0x2 ff
 .rodata.LFN_offset_table
                0x0000000002022854       0x34 C:/devkitPro/libnds/lib\libfat.a(directory.o)
 .rodata.FAT_SIG
                0x0000000002022888        0x3 C:/devkitPro/libnds/lib\libfat.a(partition.o)
 *fill*         0x000000000202288b        0x1 ff
 .rodata.FS_TWL_SIG
                0x000000000202288c        0x8 C:/devkitPro/libnds/lib\libfat.a(partition.o)
 .rodata.con_write.str1.4
                0x0000000002022894       0x30 C:/devkitPro/libnds/lib\libnds9.a(console.o)
 .rodata.con_write
                0x00000000020228c4       0xd4 C:/devkitPro/libnds/lib\libnds9.a(console.o)